Component: ARM Compiler 5.06 update 5 (build 528) Tool: armlink [4d35e2]

==============================================================================

Section Cross References

    main.o(.text) refers to kservice.o(.text) for rt_kprintf
    main.o(.text) refers to atoi.o(.text) for atoi
    main.o(.text) refers to main.o(.data) for Key
    main.o(FSymTab) refers to main.o(.rodata.name) for __fsym___cmd_set_mode_name
    main.o(FSymTab) refers to main.o(.text) for set_mode
    board.o(.text) refers to stm32f1xx_hal_cortex.o(.text) for HAL_NVIC_SetPriorityGrouping
    board.o(.text) refers to stm32f1xx_hal_rcc.o(.text) for HAL_RCC_OscConfig
    board.o(.text) refers to kservice.o(.text) for rt_assert_handler
    board.o(.text) refers to irq.o(.text) for rt_interrupt_enter
    board.o(.text) refers to stm32f1xx_hal.o(.text) for HAL_IncTick
    board.o(.text) refers to clock.o(.text) for rt_tick_increase
    board.o(.text) refers to mem.o(.text) for rt_system_heap_init
    board.o(.text) refers to components.o(.text) for rt_components_board_init
    board.o(.text) refers to board.o(.constdata) for __FUNCTION__
    board.o(.text) refers to board.o(.conststring) for .conststring
    drv_gpio.o(.text) refers to stm32f1xx_hal_gpio.o(.text) for HAL_GPIO_WritePin
    drv_gpio.o(.text) refers to context_rvds.o(.text) for rt_hw_interrupt_disable
    drv_gpio.o(.text) refers to stm32f1xx_hal_cortex.o(.text) for HAL_NVIC_SetPriority
    drv_gpio.o(.text) refers to drv_gpio.o(.constdata) for pins
    drv_gpio.o(.text) refers to drv_gpio.o(.data) for pin_irq_hdr_tab
    drv_gpio.o(.text) refers to pin.o(.text) for rt_device_pin_register
    drv_gpio.o(.text) refers to irq.o(.text) for rt_interrupt_enter
    drv_gpio.o(.constdata) refers to drv_gpio.o(.text) for GPIOE_CLK_ENABLE
    drv_gpio.o(.rti_fn.1) refers to drv_gpio.o(.text) for rt_hw_pin_init
    drv_usart.o(.text) refers to kservice.o(.text) for rt_assert_handler
    drv_usart.o(.text) refers to stm32f1xx_hal_uart.o(.text) for HAL_UART_Init
    drv_usart.o(.text) refers to serial.o(.text) for rt_hw_serial_isr
    drv_usart.o(.text) refers to irq.o(.text) for rt_interrupt_enter
    drv_usart.o(.text) refers to stm32f1xx_hal_gpio.o(.text) for HAL_GPIO_Init
    drv_usart.o(.text) refers to stm32f1xx_hal_cortex.o(.text) for HAL_NVIC_SetPriority
    drv_usart.o(.text) refers to drv_usart.o(.constdata) for __FUNCTION__
    drv_usart.o(.text) refers to drv_usart.o(.bss) for serial1
    drv_usart.o(.text) refers to drv_usart.o(.data) for uart1
    drv_usart.o(.constdata) refers to drv_usart.o(.text) for stm32_configure
    drv_usart.o(.rti_fn.1) refers to drv_usart.o(.text) for rt_hw_usart_init
    system_stm32f1xx.o(.text) refers to system_stm32f1xx.o(.data) for SystemCoreClock
    system_stm32f1xx.o(.text) refers to system_stm32f1xx.o(.constdata) for AHBPrescTable
    stm32f1xx_hal_gpio.o(.text) refers to drv_gpio.o(.text) for HAL_GPIO_EXTI_Callback
    stm32f1xx_hal_flash.o(.text) refers to stm32f1xx_hal.o(.text) for HAL_GetTick
    stm32f1xx_hal_flash.o(.text) refers to llushr.o(.text) for __aeabi_llsr
    stm32f1xx_hal_flash.o(.text) refers to stm32f1xx_hal_flash_ex.o(.text) for FLASH_PageErase
    stm32f1xx_hal_flash.o(.text) refers to stm32f1xx_hal_flash.o(.bss) for pFlash
    stm32f1xx_hal_flash.o(.text) refers to stm32f1xx_hal_cortex.o(.text) for HAL_NVIC_SystemReset
    stm32f1xx_hal_flash_ex.o(.text) refers to stm32f1xx_hal_flash.o(.text) for FLASH_WaitForLastOperation
    stm32f1xx_hal_flash_ex.o(.text) refers to stm32f1xx_hal_flash.o(.bss) for pFlash
    stm32f1xx_hal_dma.o(.text) refers to stm32f1xx_hal.o(.text) for HAL_GetTick
    stm32f1xx_hal_rcc.o(.text) refers to stm32f1xx_hal.o(.text) for HAL_GetTick
    stm32f1xx_hal_rcc.o(.text) refers to system_stm32f1xx.o(.data) for SystemCoreClock
    stm32f1xx_hal_rcc.o(.text) refers to stm32f1xx_hal_gpio.o(.text) for HAL_GPIO_Init
    stm32f1xx_hal_rcc.o(.text) refers to system_stm32f1xx.o(.constdata) for AHBPrescTable
    stm32f1xx_hal_rcc_ex.o(.text) refers to stm32f1xx_hal.o(.text) for HAL_GetTick
    stm32f1xx_hal_rcc_ex.o(.text) refers to stm32f1xx_hal_rcc.o(.text) for HAL_RCC_GetSysClockFreq
    stm32f1xx_hal_tim.o(.text) refers to stm32f1xx_hal_dma.o(.text) for HAL_DMA_Start_IT
    stm32f1xx_hal_tim.o(.text) refers to stm32f1xx_hal_tim_ex.o(.text) for HAL_TIMEx_BreakCallback
    stm32f1xx_hal_tim_ex.o(.text) refers to stm32f1xx_hal_tim.o(.text) for TIM_Base_SetConfig
    stm32f1xx_hal_tim_ex.o(.text) refers to stm32f1xx_hal_dma.o(.text) for HAL_DMA_Start_IT
    stm32f1xx_hal_uart.o(.text) refers to stm32f1xx_hal_rcc.o(.text) for HAL_RCC_GetPCLK2Freq
    stm32f1xx_hal_uart.o(.text) refers to drv_usart.o(.text) for HAL_UART_MspInit
    stm32f1xx_hal_uart.o(.text) refers to stm32f1xx_hal.o(.text) for HAL_GetTick
    stm32f1xx_hal_uart.o(.text) refers to stm32f1xx_hal_dma.o(.text) for HAL_DMA_Start_IT
    stm32f1xx_hal_usart.o(.text) refers to stm32f1xx_hal_rcc.o(.text) for HAL_RCC_GetPCLK2Freq
[...]
    DebugMon_Handler                         0x08000373   Thumb Code     2  stm32f1xx_it.o(.text)
    get_pin                                  0x08000455   Thumb Code    26  drv_gpio.o(.text)
    stm32_pin_write                          0x0800046f   Thumb Code    40  drv_gpio.o(.text)
    stm32_pin_read                           0x08000497   Thumb Code    42  drv_gpio.o(.text)
    stm32_pin_mode                           0x080004c1   Thumb Code   120  drv_gpio.o(.text)
    stm32_pin_attach_irq                     0x08000557   Thumb Code   216  drv_gpio.o(.text)
    stm32_pin_dettach_irq                    0x0800062f   Thumb Code   134  drv_gpio.o(.text)
    stm32_pin_irq_enable                     0x080006b5   Thumb Code   288  drv_gpio.o(.text)
    rt_hw_pin_init                           0x080007d5   Thumb Code    18  drv_gpio.o(.text)
    HAL_GPIO_EXTI_Callback                   0x080007e7   Thumb Code    54  drv_gpio.o(.text)
    EXTI0_IRQHandler                         0x0800081d   Thumb Code    18  drv_gpio.o(.text)
    EXTI1_IRQHandler                         0x0800082f   Thumb Code    18  drv_gpio.o(.text)
    EXTI2_IRQHandler                         0x08000841   Thumb Code    18  drv_gpio.o(.text)
    EXTI3_IRQHandler                         0x08000853   Thumb Code    18  drv_gpio.o(.text)
    EXTI4_IRQHandler                         0x08000865   Thumb Code    18  drv_gpio.o(.text)
    EXTI9_5_IRQHandler                       0x08000877   Thumb Code    46  drv_gpio.o(.text)
    EXTI15_10_IRQHandler                     0x080008a5   Thumb Code    60  drv_gpio.o(.text)
    USART1_IRQHandler                        0x08000aab   Thumb Code    18  drv_usart.o(.text)
    rt_hw_usart_init                         0x08000aef   Thumb Code    58  drv_usart.o(.text)
    HAL_UART_MspInit                         0x08000b29   Thumb Code   366  drv_usart.o(.text)
    HAL_UART_MspDeInit                       0x08000c97   Thumb Code   280  drv_usart.o(.text)
    SystemInit                               0x08000dbd   Thumb Code    70  system_stm32f1xx.o(.text)
    SystemCoreClockUpdate                    0x08000e03   Thumb Code   142  system_stm32f1xx.o(.text)
    HAL_GPIO_Init                            0x08000eb1   Thumb Code   790  stm32f1xx_hal_gpio.o(.text)
    HAL_GPIO_DeInit                          0x080011c7   Thumb Code   312  stm32f1xx_hal_gpio.o(.text)
    HAL_GPIO_ReadPin                         0x080012ff   Thumb Code    16  stm32f1xx_hal_gpio.o(.text)
    HAL_GPIO_WritePin                        0x0800130f   Thumb Code    12  stm32f1xx_hal_gpio.o(.text)
    HAL_GPIO_TogglePin                       0x0800131b   Thumb Code     8  stm32f1xx_hal_gpio.o(.text)
    HAL_GPIO_LockPin                         0x08001323   Thumb Code    46  stm32f1xx_hal_gpio.o(.text)
    HAL_GPIO_EXTI_IRQHandler                 0x08001353   Thumb Code    28  stm32f1xx_hal_gpio.o(.text)
    HAL_DMA_Init                             0x08001399   Thumb Code   140  stm32f1xx_hal_dma.o(.text)
    HAL_DMA_DeInit                           0x08001425   Thumb Code   124  stm32f1xx_hal_dma.o(.text)
    HAL_DMA_Start                            0x080014cd   Thumb Code   114  stm32f1xx_hal_dma.o(.text)
    HAL_DMA_Start_IT                         0x0800153f   Thumb Code   156  stm32f1xx_hal_dma.o(.text)
    HAL_DMA_Abort                            0x080015db   Thumb Code    58  stm32f1xx_hal_dma.o(.text)
    HAL_DMA_Abort_IT                         0x08001615   Thumb Code   422  stm32f1xx_hal_dma.o(.text)
    HAL_DMA_PollForTransfer                  0x080017bb   Thumb Code  1614  stm32f1xx_hal_dma.o(.text)
    HAL_DMA_IRQHandler                       0x08001e09   Thumb Code   922  stm32f1xx_hal_dma.o(.text)
    HAL_DMA_RegisterCallback                 0x080021a3   Thumb Code    90  stm32f1xx_hal_dma.o(.text)
    HAL_DMA_UnRegisterCallback               0x080021fd   Thumb Code   106  stm32f1xx_hal_dma.o(.text)
    HAL_DMA_GetState                         0x08002267   Thumb Code     8  stm32f1xx_hal_dma.o(.text)
    HAL_DMA_GetError                         0x0800226f   Thumb Code     6  stm32f1xx_hal_dma.o(.text)
    HAL_NVIC_SetPriorityGrouping             0x0800229d   Thumb Code    36  stm32f1xx_hal_cortex.o(.text)
    HAL_NVIC_SetPriority                     0x080022c1   Thumb Code   124  stm32f1xx_hal_cortex.o(.text)
    HAL_NVIC_EnableIRQ                       0x0800233d   Thumb Code    26  stm32f1xx_hal_cortex.o(.text)
    HAL_NVIC_DisableIRQ                      0x08002357   Thumb Code    22  stm32f1xx_hal_cortex.o(.text)
    HAL_NVIC_SystemReset                     0x0800236d   Thumb Code    64  stm32f1xx_hal_cortex.o(.text)
    HAL_SYSTICK_Config                       0x080023ad   Thumb Code    52  stm32f1xx_hal_cortex.o(.text)
    HAL_NVIC_GetPriorityGrouping             0x080023e1   Thumb Code     8  stm32f1xx_hal_cortex.o(.text)
    HAL_NVIC_GetPriority                     0x080023e9   Thumb Code   138  stm32f1xx_hal_cortex.o(.text)
    HAL_NVIC_SetPendingIRQ                   0x08002473   Thumb Code    24  stm32f1xx_hal_cortex.o(.text)
    HAL_NVIC_GetPendingIRQ                   0x0800248b   Thumb Code    38  stm32f1xx_hal_cortex.o(.text)
    HAL_NVIC_ClearPendingIRQ                 0x080024b1   Thumb Code    22  stm32f1xx_hal_cortex.o(.text)
    HAL_NVIC_GetActive                       0x080024c7   Thumb Code    38  stm32f1xx_hal_cortex.o(.text)
    HAL_SYSTICK_CLKSourceConfig              0x080024ed   Thumb Code    40  stm32f1xx_hal_cortex.o(.text)
    HAL_SYSTICK_Callback                     0x08002515   Thumb Code     2  stm32f1xx_hal_cortex.o(.text)
    HAL_SYSTICK_IRQHandler                   0x08002517   Thumb Code     8  stm32f1xx_hal_cortex.o(.text)
    HAL_RCC_DeInit                           0x08002541   Thumb Code    64  stm32f1xx_hal_rcc.o(.text)
    HAL_RCC_OscConfig                        0x080025a5   Thumb Code  1090  stm32f1xx_hal_rcc.o(.text)
    HAL_RCC_GetSysClockFreq                  0x080029e7   Thumb Code   118  stm32f1xx_hal_rcc.o(.text)
    HAL_RCC_ClockConfig                      0x08002a5d   Thumb Code   402  stm32f1xx_hal_rcc.o(.text)
    HAL_RCC_MCOConfig                        0x08002bef   Thumb Code    92  stm32f1xx_hal_rcc.o(.text)
    HAL_RCC_EnableCSS                        0x08002c4b   Thumb Code     8  stm32f1xx_hal_rcc.o(.text)
    HAL_RCC_DisableCSS                       0x08002c53   Thumb Code     8  stm32f1xx_hal_rcc.o(.text)
    HAL_RCC_GetHCLKFreq                      0x08002c5b   Thumb Code     6  stm32f1xx_hal_rcc.o(.text)
    HAL_RCC_GetPCLK1Freq                     0x08002c61   Thumb Code    22  stm32f1xx_hal_rcc.o(.text)
    HAL_RCC_GetPCLK2Freq                     0x08002c77   Thumb Code    22  stm32f1xx_hal_rcc.o(.text)
    HAL_RCC_GetOscConfig                     0x08002c8d   Thumb Code   254  stm32f1xx_hal_rcc.o(.text)
    HAL_RCC_GetClockConfig                   0x08002d8b   Thumb Code    58  stm32f1xx_hal_rcc.o(.text)
    HAL_RCC_CSSCallback                      0x08002dc5   Thumb Code     2  stm32f1xx_hal_rcc.o(.text)
    HAL_RCC_NMI_IRQHandler                   0x08002dc7   Thumb Code    26  stm32f1xx_hal_rcc.o(.text)
    HAL_UART_Init                            0x08002fad   Thumb Code   114  stm32f1xx_hal_uart.o(.text)
    HAL_HalfDuplex_Init                      0x0800301f   Thumb Code   118  stm32f1xx_hal_uart.o(.text)
    HAL_LIN_Init                             0x08003095   Thumb Code   134  stm32f1xx_hal_uart.o(.text)
    HAL_MultiProcessor_Init                  0x0800311b   Thumb Code   138  stm32f1xx_hal_uart.o(.text)
    HAL_UART_DeInit                          0x080031a7   Thumb Code    46  stm32f1xx_hal_uart.o(.text)
    HAL_UART_Transmit                        0x08003245   Thumb Code   214  stm32f1xx_hal_uart.o(.text)
    HAL_UART_Receive                         0x0800331b   Thumb Code   222  stm32f1xx_hal_uart.o(.text)
    HAL_UART_Transmit_IT                     0x080033f9   Thumb Code    88  stm32f1xx_hal_uart.o(.text)
    HAL_UART_Receive_IT                      0x08003451   Thumb Code   112  stm32f1xx_hal_uart.o(.text)
    HAL_UART_ErrorCallback                   0x080034c1   Thumb Code     2  stm32f1xx_hal_uart.o(.text)
    HAL_UART_TxHalfCpltCallback              0x08003547   Thumb Code     2  stm32f1xx_hal_uart.o(.text)
    HAL_UART_TxCpltCallback                  0x08003557   Thumb Code     2  stm32f1xx_hal_uart.o(.text)
    HAL_UART_Transmit_DMA                    0x0800358f   Thumb Code   142  stm32f1xx_hal_uart.o(.text)
    HAL_UART_RxHalfCpltCallback              0x0800361d   Thumb Code     2  stm32f1xx_hal_uart.o(.text)
    HAL_UART_RxCpltCallback                  0x0800362d   Thumb Code     2  stm32f1xx_hal_uart.o(.text)
    HAL_UART_Receive_DMA                     0x08003675   Thumb Code   182  stm32f1xx_hal_uart.o(.text)
    HAL_UART_DMAPause                        0x0800372b   Thumb Code   124  stm32f1xx_hal_uart.o(.text)
    HAL_UART_DMAResume                       0x080037a7   Thumb Code   126  stm32f1xx_hal_uart.o(.text)
    HAL_UART_DMAStop                         0x08003825   Thumb Code   102  stm32f1xx_hal_uart.o(.text)
    HAL_UART_Abort                           0x0800388b   Thumb Code   126  stm32f1xx_hal_uart.o(.text)
    HAL_UART_AbortTransmit                   0x08003909   Thumb Code    68  stm32f1xx_hal_uart.o(.text)
    HAL_UART_AbortReceive                    0x0800394d   Thumb Code    80  stm32f1xx_hal_uart.o(.text)
    HAL_UART_AbortCpltCallback               0x0800399d   Thumb Code     2  stm32f1xx_hal_uart.o(.text)
    HAL_UART_Abort_IT                        0x08003a1d   Thumb Code   208  stm32f1xx_hal_uart.o(.text)
    HAL_UART_AbortTransmitCpltCallback       0x08003aed   Thumb Code     2  stm32f1xx_hal_uart.o(.text)
    HAL_UART_AbortTransmit_IT                0x08003b07   Thumb Code   102  stm32f1xx_hal_uart.o(.text)
    HAL_UART_AbortReceiveCpltCallback        0x08003b6d   Thumb Code     2  stm32f1xx_hal_uart.o(.text)
    HAL_UART_AbortReceive_IT                 0x08003b87   Thumb Code   114  stm32f1xx_hal_uart.o(.text)
    HAL_UART_IRQHandler                      0x08003d3b   Thumb Code   348  stm32f1xx_hal_uart.o(.text)
    HAL_LIN_SendBreak                        0x08003e97   Thumb Code    62  stm32f1xx_hal_uart.o(.text)
    HAL_MultiProcessor_EnterMuteMode         0x08003ed5   Thumb Code    62  stm32f1xx_hal_uart.o(.text)
    HAL_MultiProcessor_ExitMuteMode          0x08003f13   Thumb Code    62  stm32f1xx_hal_uart.o(.text)
    HAL_HalfDuplex_EnableTransmitter         0x08003f51   Thumb Code    68  stm32f1xx_hal_uart.o(.text)
    HAL_HalfDuplex_EnableReceiver            0x08003f95   Thumb Code    68  stm32f1xx_hal_uart.o(.text)
    HAL_UART_GetState                        0x08003fd9   Thumb Code    20  stm32f1xx_hal_uart.o(.text)
    HAL_UART_GetError                        0x08003fed   Thumb Code     6  stm32f1xx_hal_uart.o(.text)
    HAL_InitTick                             0x08003ff7   Thumb Code    36  stm32f1xx_hal.o(.text)
    HAL_Init                                 0x0800401b   Thumb Code    34  stm32f1xx_hal.o(.text)
    HAL_MspDeInit                            0x0800403d   Thumb Code     2  stm32f1xx_hal.o(.text)
    HAL_DeInit                               0x0800403f   Thumb Code    30  stm32f1xx_hal.o(.text)
    HAL_IncTick                              0x0800405d   Thumb Code    12  stm32f1xx_hal.o(.text)
    HAL_GetTick                              0x08004069   Thumb Code     6  stm32f1xx_hal.o(.text)
    HAL_Delay                                0x0800406f   Thumb Code    30  stm32f1xx_hal.o(.text)
    HAL_SuspendTick                          0x0800408d   Thumb Code    18  stm32f1xx_hal.o(.text)
    HAL_ResumeTick                           0x0800409f   Thumb Code    18  stm32f1xx_hal.o(.text)
    HAL_GetHalVersion                        0x080040b1   Thumb Code     4  stm32f1xx_hal.o(.text)
    HAL_GetREVID                             0x080040b5   Thumb Code     8  stm32f1xx_hal.o(.text)
    HAL_GetDEVID                             0x080040bd   Thumb Code    10  stm32f1xx_hal.o(.text)
    HAL_DBGMCU_EnableDBGSleepMode            0x080040c7   Thumb Code    14  stm32f1xx_hal.o(.text)
    HAL_DBGMCU_DisableDBGSleepMode           0x080040d5   Thumb Code    14  stm32f1xx_hal.o(.text)
    HAL_DBGMCU_EnableDBGStopMode             0x080040e3   Thumb Code    14  stm32f1xx_hal.o(.text)
    HAL_DBGMCU_DisableDBGStopMode            0x080040f1   Thumb Code    14  stm32f1xx_hal.o(.text)
    HAL_DBGMCU_EnableDBGStandbyMode          0x080040ff   Thumb Code    14  stm32f1xx_hal.o(.text)
    HAL_DBGMCU_DisableDBGStandbyMode         0x0800410d   Thumb Code    14  stm32f1xx_hal.o(.text)
    HAL_GetUID                               0x0800411b   Thumb Code    24  stm32f1xx_hal.o(.text)
    Reset_Handler                            0x08004151   Thumb Code     8  startup_stm32f103xe.o(.text)
    SVC_Handler                              0x08004163   Thumb Code     2  startup_stm32f103xe.o(.text)
    ADC1_2_IRQHandler                        0x0800416b   Thumb Code     0  startup_stm32f103xe.o(.text)
    ADC3_IRQHandler                          0x0800416b   Thumb Code     0  startup_stm32f103xe.o(.text)
    CAN1_RX1_IRQHandler                      0x0800416b   Thumb Code     0  startup_stm32f103xe.o(.text)
    CAN1_SCE_IRQHandler                      0x0800416b   Thumb Code     0  startup_stm32f103xe.o(.text)
    DMA1_Channel1_IRQHandler                 0x0800416b   Thumb Code     0  startup_stm32f103xe.o(.text)
    DMA1_Channel2_IRQHandler                 0x0800416b   Thumb Code     0  startup_stm32f103xe.o(.text)
    DMA1_Channel3_IRQHandler                 0x0800416b   Thumb Code     0  startup_stm32f103xe.o(.text)
    DMA1_Channel4_IRQHandler                 0x0800416b   Thumb Code     0  startup_stm32f103xe.o(.text)
    DMA1_Channel5_IRQHandler                 0x0800416b   Thumb Code     0  startup_stm32f103xe.o(.text)
    DMA1_Channel6_IRQHandler                 0x0800416b   Thumb Code     0  startup_stm32f103xe.o(.text)
    DMA1_Channel7_IRQHandler                 0x0800416b   Thumb Code     0  startup_stm32f103xe.o(.text)
    DMA2_Channel1_IRQHandler                 0x0800416b   Thumb Code     0  startup_stm32f103xe.o(.text)
    DMA2_Channel2_IRQHandler                 0x0800416b   Thumb Code     0  startup_stm32f103xe.o(.text)
    DMA2_Channel3_IRQHandler                 0x0800416b   Thumb Code     0  startup_stm32f103xe.o(.text)
    DMA2_Channel4_5_IRQHandler               0x0800416b   Thumb Code     0  startup_stm32f103xe.o(.text)
    FLASH_IRQHandler                         0x0800416b   Thumb Code     0  startup_stm32f103xe.o(.text)
    FSMC_IRQHandler                          0x0800416b   Thumb Code     0  startup_stm32f103xe.o(.text)
    I2C1_ER_IRQHandler                       0x0800416b   Thumb Code     0  startup_stm32f103xe.o(.text)
    I2C1_EV_IRQHandler                       0x0800416b   Thumb Code     0  startup_stm32f103xe.o(.text)
    I2C2_ER_IRQHandler                       0x0800416b   Thumb Code     0  startup_stm32f103xe.o(.text)
    I2C2_EV_IRQHandler                       0x0800416b   Thumb Code     0  startup_stm32f103xe.o(.text)
    PVD_IRQHandler                           0x0800416b   Thumb Code     0  startup_stm32f103xe.o(.text)
    RCC_IRQHandler                           0x0800416b   Thumb Code     0  startup_stm32f103xe.o(.text)
    RTC_Alarm_IRQHandler                     0x0800416b   Thumb Code     0  startup_stm32f103xe.o(.text)
    RTC_IRQHandler                           0x0800416b   Thumb Code     0  startup_stm32f103xe.o(.text)
    SDIO_IRQHandler                          0x0800416b   Thumb Code     0  startup_stm32f103xe.o(.text)
    SPI1_IRQHandler                          0x0800416b   Thumb Code     0  startup_stm32f103xe.o(.text)
    SPI2_IRQHandler                          0x0800416b   Thumb Code     0  startup_stm32f103xe.o(.text)
    SPI3_IRQHandler                          0x0800416b   Thumb Code     0  startup_stm32f103xe.o(.text)
    TAMPER_IRQHandler                        0x0800416b   Thumb Code     0  startup_stm32f103xe.o(.text)
    TIM1_BRK_IRQHandler                      0x0800416b   Thumb Code     0  startup_stm32f103xe.o(.text)
    TIM1_CC_IRQHandler                       0x0800416b   Thumb Code     0  startup_stm32f103xe.o(.text)
    TIM1_TRG_COM_IRQHandler                  0x0800416b   Thumb Code     0  startup_stm32f103xe.o(.text)
    TIM1_UP_IRQHandler                       0x0800416b   Thumb Code     0  startup_stm32f103xe.o(.text)
    TIM2_IRQHandler                          0x0800416b   Thumb Code     0  startup_stm32f103xe.o(.text)
    TIM3_IRQHandler                          0x0800416b   Thumb Code     0  startup_stm32f103xe.o(.text)
    TIM4_IRQHandler                          0x0800416b   Thumb Code     0  startup_stm32f103xe.o(.text)
    TIM5_IRQHandler                          0x0800416b   Thumb Code     0  startup_stm32f103xe.o(.text)
    TIM6_IRQHandler                          0x0800416b   Thumb Code     0  startup_stm32f103xe.o(.text)
    TIM7_IRQHandler                          0x0800416b   Thumb Code     0  startup_stm32f103xe.o(.text)
    TIM8_BRK_IRQHandler                      0x0800416b   Thumb Code     0  startup_stm32f103xe.o(.text)
    TIM8_CC_IRQHandler                       0x0800416b   Thumb Code     0  startup_stm32f103xe.o(.text)
    TIM8_TRG_COM_IRQHandler                  0x0800416b   Thumb Code     0  startup_stm32f103xe.o(.text)
    TIM8_UP_IRQHandler                       0x0800416b   Thumb Code     0  startup_stm32f103xe.o(.text)
    UART4_IRQHandler                         0x0800416b   Thumb Code     0  startup_stm32f103xe.o(.text)
    UART5_IRQHandler                         0x0800416b   Thumb Code     0  startup_stm32f103xe.o(.text)
    USART2_IRQHandler                        0x0800416b   Thumb Code     0  startup_stm32f103xe.o(.text)
    USART3_IRQHandler                        0x0800416b   Thumb Code     0  startup_stm32f103xe.o(.text)
    USBWakeUp_IRQHandler                     0x0800416b   Thumb Code     0  startup_stm32f103xe.o(.text)
    USB_HP_CAN1_TX_IRQHandler                0x0800416b   Thumb Code     0  startup_stm32f103xe.o(.text)
    USB_LP_CAN1_RX0_IRQHandler               0x0800416b   Thumb Code     0  startup_stm32f103xe.o(.text)
    WWDG_IRQHandler                          0x0800416b   Thumb Code     0  startup_stm32f103xe.o(.text)
    rt_system_tick_init                      0x08004175   Thumb Code     2  clock.o(.text)
    rt_tick_get                              0x08004177   Thumb Code     6  clock.o(.text)
    rt_tick_set                              0x0800417d   Thumb Code    22  clock.o(.text)
    rt_tick_increase                         0x08004193   Thumb Code    42  clock.o(.text)
    rt_tick_from_millisecond                 0x080041bd   Thumb Code    30  clock.o(.text)
    rt_components_board_init                 0x080041f1   Thumb Code    20  components.o(.text)
    rt_components_init                       0x08004205   Thumb Code    20  components.o(.text)
    main_thread_entry                        0x08004219   Thumb Code    14  components.o(.text)
    rt_application_init                      0x08004227   Thumb Code    48  components.o(.text)
    rtthread_startup                         0x08004257   Thumb Code    46  components.o(.text)
    main                                     0x08004285   Thumb Code    14  components.o(.text)
    rt_device_find                           0x080042bd   Thumb Code    94  device.o(.text)
    rt_device_register                       0x0800431b   Thumb Code    52  device.o(.text)
    rt_device_unregister                     0x0800434f   Thumb Code    64  device.o(.text)
    rt_device_init_all                       0x0800438f   Thumb Code     4  device.o(.text)
    rt_device_create                         0x08004393   Thumb Code    46  device.o(.text)
    rt_device_destroy                        0x080043c1   Thumb Code    68  device.o(.text)
    rt_device_init                           0x08004405   Thumb Code    64  device.o(.text)
    rt_device_open                           0x08004445   Thumb Code   174  device.o(.text)
    rt_device_close                          0x080044f3   Thumb Code    92  device.o(.text)
    rt_device_read                           0x0800454f   Thumb Code    98  device.o(.text)
    rt_device_write                          0x080045b1   Thumb Code    98  device.o(.text)
    rt_device_control                        0x08004613   Thumb Code    66  device.o(.text)
    rt_device_set_rx_indicate                0x08004655   Thumb Code    48  device.o(.text)
    rt_device_set_tx_complete                0x08004685   Thumb Code   360  device.o(.text)
    rt_thread_idle_sethook                   0x080047ed   Thumb Code    58  idle.o(.text)
    rt_thread_idle_delhook                   0x08004827   Thumb Code    62  idle.o(.text)
    rt_thread_idle_excute                    0x08004865   Thumb Code   178  idle.o(.text)
    rt_thread_idle_init                      0x08004939   Thumb Code    38  idle.o(.text)
    rt_thread_idle_gethandler                0x0800495f   Thumb Code     4  idle.o(.text)
    rt_sem_init                              0x08004a6d   Thumb Code    50  ipc.o(.text)
    rt_sem_detach                            0x08004a9f   Thumb Code    72  ipc.o(.text)
    rt_sem_create                            0x08004ae7   Thumb Code    84  ipc.o(.text)
    rt_sem_delete                            0x08004b3b   Thumb Code   120  ipc.o(.text)
    rt_sem_take                              0x08004bb3   Thumb Code   288  ipc.o(.text)
    rt_sem_trytake                           0x08004cd3   Thumb Code    14  ipc.o(.text)
    rt_sem_release                           0x08004ce1   Thumb Code   116  ipc.o(.text)
    rt_sem_control                           0x08004d55   Thumb Code    90  ipc.o(.text)
    rt_mutex_init                            0x08004daf   Thumb Code    58  ipc.o(.text)
    rt_mutex_detach                          0x08004de9   Thumb Code    78  ipc.o(.text)
    rt_mutex_create                          0x08004e37   Thumb Code   454  ipc.o(.text)
    rt_mutex_delete                          0x08004ffd   Thumb Code   126  ipc.o(.text)
    rt_mutex_take                            0x0800507b   Thumb Code   374  ipc.o(.text)
    rt_mutex_release                         0x080051f1   Thumb Code   310  ipc.o(.text)
    rt_mutex_control                         0x08005327   Thumb Code    52  ipc.o(.text)
    rt_event_init                            0x0800535b   Thumb Code    46  ipc.o(.text)
    rt_event_detach                          0x08005389   Thumb Code    78  ipc.o(.text)
    rt_event_create                          0x080053d7   Thumb Code   276  ipc.o(.text)
    rt_event_delete                          0x080054eb   Thumb Code   126  ipc.o(.text)
    rt_event_send                            0x08005569   Thumb Code   234  ipc.o(.text)
    rt_event_recv                            0x08005653   Thumb Code   402  ipc.o(.text)
    rt_event_control                         0x080057e5   Thumb Code    92  ipc.o(.text)
    rt_mb_init                               0x08005841   Thumb Code    76  ipc.o(.text)
    rt_mb_detach                             0x0800588d   Thumb Code   216  ipc.o(.text)
    rt_mb_create                             0x08005965   Thumb Code   128  ipc.o(.text)
    rt_mb_delete                             0x080059e5   Thumb Code   140  ipc.o(.text)
    rt_mb_send_wait                          0x08005a71   Thumb Code   400  ipc.o(.text)
    rt_mb_send                               0x08005c01   Thumb Code    18  ipc.o(.text)
    rt_mb_recv                               0x08005c13   Thumb Code   576  ipc.o(.text)
    rt_mb_control                            0x08005e53   Thumb Code   104  ipc.o(.text)
    rt_mq_init                               0x08005ebb   Thumb Code   118  ipc.o(.text)
    rt_mq_detach                             0x08005f31   Thumb Code    78  ipc.o(.text)
    rt_mq_delete                             0x08005f7f   Thumb Code   126  ipc.o(.text)
    rt_mq_create                             0x08005ffd   Thumb Code   170  ipc.o(.text)
    rt_mq_send                               0x080060a7   Thumb Code   222  ipc.o(.text)
    rt_mq_urgent                             0x08006185   Thumb Code   426  ipc.o(.text)
    rt_mq_recv                               0x0800632f   Thumb Code   458  ipc.o(.text)
    rt_mq_control                            0x080064f9   Thumb Code   120  ipc.o(.text)
    rt_interrupt_enter_sethook               0x080065c9   Thumb Code     6  irq.o(.text)
    rt_interrupt_leave_sethook               0x080065cf   Thumb Code     6  irq.o(.text)
    rt_interrupt_enter                       0x080065d5   Thumb Code    46  irq.o(.text)
    rt_interrupt_leave                       0x08006603   Thumb Code    46  irq.o(.text)
    rt_interrupt_get_nest                    0x08006631   Thumb Code     6  irq.o(.text)
    rt_get_errno                             0x08006645   Thumb Code    32  kservice.o(.text)
    rt_set_errno                             0x08006665   Thumb Code    36  kservice.o(.text)
    _rt_errno                                0x08006689   Thumb Code    30  kservice.o(.text)
    rt_memset                                0x080066a7   Thumb Code    72  kservice.o(.text)
    rt_memcpy                                0x080066ef   Thumb Code   124  kservice.o(.text)
    rt_memmove                               0x0800676b   Thumb Code    66  kservice.o(.text)
    rt_memcmp                                0x080067ad   Thumb Code    38  kservice.o(.text)
    rt_strlen                                0x080067d3   Thumb Code    18  kservice.o(.text)
    rt_strstr                                0x080067e5   Thumb Code    58  kservice.o(.text)
    rt_strcasecmp                            0x0800681f   Thumb Code    48  kservice.o(.text)
    rt_strncpy                               0x0800684f   Thumb Code    52  kservice.o(.text)
    rt_strncmp                               0x08006883   Thumb Code    40  kservice.o(.text)
    rt_strcmp                                0x080068ab   Thumb Code    28  kservice.o(.text)
    rt_strnlen                               0x080068c7   Thumb Code    24  kservice.o(.text)
    rt_strdup                                0x080068df   Thumb Code    40  kservice.o(.text)
    strdup                                   0x080068df   Thumb Code     0  kservice.o(.text)
    rt_hw_console_output                     0x08006907   Thumb Code     2  kservice.o(.text)
    rt_vsnprintf                             0x08006abf   Thumb Code   800  kservice.o(.text)
    rt_kprintf                               0x08006ddf   Thumb Code    96  kservice.o(.text)
    rt_show_version                          0x08006e3f   Thumb Code    38  kservice.o(.text)
    rt_snprintf                              0x08006e65   Thumb Code    38  kservice.o(.text)
    rt_vsprintf                              0x08006e8b   Thumb Code    22  kservice.o(.text)
    rt_sprintf                               0x08006ea1   Thumb Code    34  kservice.o(.text)
    rt_console_get_device                    0x08006ec3   Thumb Code     6  kservice.o(.text)
    rt_console_set_device                    0x08006ec9   Thumb Code    48  kservice.o(.text)
    rt_kputs                                 0x08006ef9   Thumb Code    78  kservice.o(.text)
    rt_malloc_align                          0x08006f47   Thumb Code    66  kservice.o(.text)
    rt_free_align                            0x08006f89   Thumb Code    16  kservice.o(.text)
    __rt_ffs                                 0x08006f99   Thumb Code    70  kservice.o(.text)
    rt_assert_set_hook                       0x08006fdf   Thumb Code     6  kservice.o(.text)
    rt_assert_handler                        0x08006fe5   Thumb Code    56  kservice.o(.text)
    rt_malloc_sethook                        0x080070f5   Thumb Code     6  mem.o(.text)
    rt_free_sethook                          0x080070fb   Thumb Code     6  mem.o(.text)
    rt_system_heap_init                      0x080071a1   Thumb Code   204  mem.o(.text)
    rt_malloc                                0x0800726d   Thumb Code   522  mem.o(.text)
    rt_free                                  0x08007477   Thumb Code   688  mem.o(.text)
    rt_realloc                               0x08007727   Thumb Code   324  mem.o(.text)
    rt_calloc                                0x0800786b   Thumb Code    84  mem.o(.text)
    rt_memory_info                           0x080078bf   Thumb Code    26  mem.o(.text)
    list_mem                                 0x080078d9   Thumb Code    34  mem.o(.text)
    rt_mp_alloc_sethook                      0x080079e9   Thumb Code     6  mempool.o(.text)
    rt_mp_free_sethook                       0x080079ef   Thumb Code     6  mempool.o(.text)
    rt_mp_init                               0x080079f5   Thumb Code   128  mempool.o(.text)
    rt_mp_detach                             0x08007a75   Thumb Code   114  mempool.o(.text)
    rt_mp_create                             0x08007ae7   Thumb Code   174  mempool.o(.text)
    rt_mp_delete                             0x08007b95   Thumb Code   172  mempool.o(.text)
    rt_mp_alloc                              0x08007c41   Thumb Code   278  mempool.o(.text)
    rt_mp_free                               0x08007d57   Thumb Code    98  mempool.o(.text)
    rt_object_attach_sethook                 0x08007ef9   Thumb Code     6  object.o(.text)
    rt_object_detach_sethook                 0x08007eff   Thumb Code     6  object.o(.text)
    rt_object_trytake_sethook                0x08007f05   Thumb Code     6  object.o(.text)
    rt_object_take_sethook                   0x08007f0b   Thumb Code     6  object.o(.text)
    rt_object_put_sethook                    0x08007f11   Thumb Code     6  object.o(.text)
    rt_system_object_init                    0x08007f17   Thumb Code     2  object.o(.text)
    rt_object_get_information                0x08007f19   Thumb Code    36  object.o(.text)
    rt_object_init                           0x08007f3d   Thumb Code    92  object.o(.text)
    rt_object_detach                         0x08007f99   Thumb Code    62  object.o(.text)
    rt_object_allocate                       0x08007fd7   Thumb Code   158  object.o(.text)
    rt_object_delete                         0x08008075   Thumb Code    88  object.o(.text)
    rt_object_is_systemobject                0x080080cd   Thumb Code    34  object.o(.text)
    rt_object_get_type                       0x080080ef   Thumb Code    26  object.o(.text)
    rt_object_find                           0x08008109   Thumb Code   142  object.o(.text)
    rt_scheduler_sethook                     0x08008251   Thumb Code     6  scheduler.o(.text)
    rt_system_scheduler_init                 0x080082b1   Thumb Code    56  scheduler.o(.text)
    rt_system_scheduler_start                0x080082e9   Thumb Code    36  scheduler.o(.text)
    rt_schedule                              0x0800830d   Thumb Code   160  scheduler.o(.text)
    rt_schedule_insert_thread                0x080083ad   Thumb Code    90  scheduler.o(.text)
    rt_schedule_remove_thread                0x08008407   Thumb Code    94  scheduler.o(.text)
    rt_enter_critical                        0x08008465   Thumb Code    28  scheduler.o(.text)
    rt_exit_critical                         0x08008481   Thumb Code    54  scheduler.o(.text)
    rt_critical_level                        0x080084b7   Thumb Code     8  scheduler.o(.text)
    rt_thread_handle_sig                     0x0800855b   Thumb Code   156  signal.o(.text)
    rt_thread_alloc_sig                      0x080086c9   Thumb Code    62  signal.o(.text)
    rt_signal_install                        0x08008707   Thumb Code    98  signal.o(.text)
    rt_signal_mask                           0x08008769   Thumb Code    34  signal.o(.text)
    rt_signal_unmask                         0x0800878b   Thumb Code    56  signal.o(.text)
    rt_signal_wait                           0x080087c3   Thumb Code   346  signal.o(.text)
    rt_thread_free_sig                       0x0800891d   Thumb Code    66  signal.o(.text)
    rt_thread_kill                           0x0800895f   Thumb Code   236  signal.o(.text)
    rt_system_signal_init                    0x08008a4b   Thumb Code    38  signal.o(.text)
    rt_timer_timeout_sethook                 0x08008b2b   Thumb Code     6  timer.o(.text)
    rt_timer_init                            0x08008bbd   Thumb Code    58  timer.o(.text)
    rt_timer_detach                          0x08008bf7   Thumb Code    82  timer.o(.text)
    rt_timer_create                          0x08008c49   Thumb Code    54  timer.o(.text)
    rt_timer_delete                          0x08008c7f   Thumb Code    88  timer.o(.text)
    rt_timer_start                           0x08008cd7   Thumb Code   314  timer.o(.text)
    rt_timer_stop                            0x08008e11   Thumb Code   102  timer.o(.text)
    rt_timer_control                         0x08008e77   Thumb Code    98  timer.o(.text)
    rt_timer_check                           0x08008ed9   Thumb Code   416  timer.o(.text)
    rt_timer_next_timeout_tick               0x08009079   Thumb Code    10  timer.o(.text)
    rt_system_timer_init                     0x08009083   Thumb Code    24  timer.o(.text)
    rt_system_timer_thread_init              0x0800909b   Thumb Code     2  timer.o(.text)
    rt_thread_suspend_sethook                0x080090d9   Thumb Code     6  thread.o(.text)
    rt_thread_resume_sethook                 0x080090df   Thumb Code     6  thread.o(.text)
    rt_thread_inited_sethook                 0x080090e5   Thumb Code     6  thread.o(.text)
    rt_thread_exit                           0x080090eb   Thumb Code    78  thread.o(.text)
    rt_thread_timeout                        0x08009139   Thumb Code    90  thread.o(.text)
    rt_thread_init                           0x0800923f   Thumb Code    74  thread.o(.text)
    rt_thread_self                           0x08009289   Thumb Code     6  thread.o(.text)
    rt_thread_resume                         0x0800928f   Thumb Code   120  thread.o(.text)
    rt_thread_startup                        0x08009307   Thumb Code   108  thread.o(.text)
    rt_thread_detach                         0x08009373   Thumb Code   126  thread.o(.text)
    rt_thread_create                         0x080093f1   Thumb Code    80  thread.o(.text)
    rt_thread_delete                         0x08009441   Thumb Code   114  thread.o(.text)
    rt_thread_yield                          0x080094b3   Thumb Code   454  thread.o(.text)
    rt_thread_suspend                        0x08009679   Thumb Code   130  thread.o(.text)
    rt_thread_sleep                          0x080096fb   Thumb Code    98  thread.o(.text)
    rt_thread_delay                          0x0800975d   Thumb Code    12  thread.o(.text)
    rt_thread_mdelay                         0x08009769   Thumb Code    20  thread.o(.text)
    rt_thread_control                        0x0800977d   Thumb Code   154  thread.o(.text)
    rt_thread_find                           0x08009817   Thumb Code    96  thread.o(.text)
    rt_hw_stack_init                         0x080098b1   Thumb Code    70  cpuport.o(.text)
    rt_hw_exception_install                  0x080098f7   Thumb Code     6  cpuport.o(.text)
    rt_hw_hard_fault_exception               0x08009adb   Thumb Code   198  cpuport.o(.text)
    rt_hw_cpu_shutdown                       0x08009ba1   Thumb Code    22  cpuport.o(.text)
    rt_hw_interrupt_disable                  0x08009e85   Thumb Code     8  context_rvds.o(.text)
    rt_hw_interrupt_enable                   0x08009e8d   Thumb Code     6  context_rvds.o(.text)
    rt_hw_context_switch                     0x08009e93   Thumb Code    32  context_rvds.o(.text)
    rt_hw_context_switch_interrupt           0x08009e93   Thumb Code     0  context_rvds.o(.text)
    PendSV_Handler                           0x08009eb3   Thumb Code    60  context_rvds.o(.text)
    rt_hw_context_switch_to                  0x08009eef   Thumb Code    58  context_rvds.o(.text)
    rt_hw_interrupt_thread_switch            0x08009f29   Thumb Code     2  context_rvds.o(.text)
    HardFault_Handler                        0x08009f2b   Thumb Code    48  context_rvds.o(.text)
    rt_device_pin_register                   0x0800a025   Thumb Code    56  pin.o(.text)
    rt_pin_attach_irq                        0x0800a05d   Thumb Code    60  pin.o(.text)
    rt_pin_dettach_irq                       0x0800a099   Thumb Code    46  pin.o(.text)
    rt_pin_irq_enable                        0x0800a0c7   Thumb Code    50  pin.o(.text)
    rt_pin_mode                              0x0800a0f9   Thumb Code    38  pin.o(.text)
    rt_pin_write                             0x0800a11f   Thumb Code    38  pin.o(.text)
    rt_pin_read                              0x0800a145   Thumb Code    34  pin.o(.text)
    rt_hw_serial_register                    0x0800a4bd   Thumb Code    80  serial.o(.text)
    rt_hw_serial_isr                         0x0800a50d   Thumb Code   316  serial.o(.text)
    finsh_get_prompt                         0x0800a6f5   Thumb Code    38  shell.o(.text)
    finsh_set_device                         0x0800a779   Thumb Code   156  shell.o(.text)
    finsh_get_device                         0x0800a815   Thumb Code    28  shell.o(.text)
    finsh_set_echo                           0x0800a831   Thumb Code    30  shell.o(.text)
    finsh_get_echo                           0x0800a84f   Thumb Code    32  shell.o(.text)
    finsh_thread_entry                       0x0800a991   Thumb Code  1358  shell.o(.text)
    finsh_system_function_init               0x0800aedf   Thumb Code    10  shell.o(.text)
    finsh_system_var_init                    0x0800aee9   Thumb Code    10  shell.o(.text)
    finsh_system_init                        0x0800aef3   Thumb Code    96  shell.o(.text)
    hello                                    0x0800afc5   Thumb Code    12  cmd.o(.text)
    version                                  0x0800afd1   Thumb Code    10  cmd.o(.text)
    list_thread                              0x0800b0e3   Thumb Code    18  cmd.o(.text)
    list_sem                                 0x0800b1ab   Thumb Code    18  cmd.o(.text)
    list_event                               0x0800b23f   Thumb Code    18  cmd.o(.text)
    list_mutex                               0x0800b2b1   Thumb Code    18  cmd.o(.text)
    list_mailbox                             0x0800b359   Thumb Code    18  cmd.o(.text)
    list_msgqueue                            0x0800b6c3   Thumb Code    18  cmd.o(.text)
    list_memheap                             0x0800b729   Thumb Code    18  cmd.o(.text)
    list_mempool                             0x0800b7c5   Thumb Code    18  cmd.o(.text)
    list_timer                               0x0800b84b   Thumb Code    18  cmd.o(.text)
    list_device                              0x0800b8cb   Thumb Code    18  cmd.o(.text)
    list                                     0x0800b8dd   Thumb Code    54  cmd.o(.text)
    msh_is_used                              0x0800bbad   Thumb Code     4  msh.o(.text)
    msh_help                                 0x0800bbb1   Thumb Code    66  msh.o(.text)
    msh_exec                                 0x0800bd91   Thumb Code    82  msh.o(.text)
    msh_auto_complete                        0x0800be03   Thumb Code   138  msh.o(.text)
    cmd_ps                                   0x0800bf15   Thumb Code    14  msh_cmd.o(.text)
    cmd_time                                 0x0800bf23   Thumb Code     6  msh_cmd.o(.text)
    cmd_free                                 0x0800bf29   Thumb Code    14  msh_cmd.o(.text)
    thread1_entry                            0x0800bf39   Thumb Code    76  dynmem_sample.o(.text)
    dynmem_sample                            0x0800bf85   Thumb Code    40  dynmem_sample.o(.text)
    event_sample                             0x0800c09d   Thumb Code   104  event_sample.o(.text)
    idle_hook_sample                         0x0800c289   Thumb Code    52  idlehook_sample.o(.text)
    thread_entry                             0x0800c345   Thumb Code    52  interrupt_sample.o(.text)
    interrupt_sample                         0x0800c379   Thumb Code    74  interrupt_sample.o(.text)
    mailbox_sample                           0x0800c473   Thumb Code   112  mailbox_sample.o(.text)
    mempool_sample                           0x0800c601   Thumb Code   122  memp_sample.o(.text)
    msgq_sample                              0x0800c7af   Thumb Code   118  msgq_sample.o(.text)
    mutex_sample                             0x0800c9df   Thumb Code   108  mutex_sample.o(.text)
    pri_inversion                            0x0800cbdb   Thumb Code   156  priority_inversion.o(.text)
    producer_thread_entry                    0x0800cd51   Thumb Code   120  producer_consumer.o(.text)
    consumer_thread_entry                    0x0800cdc9   Thumb Code   156  producer_consumer.o(.text)
    producer_consumer                        0x0800ce65   Thumb Code   162  producer_consumer.o(.text)
    scheduler_hook                           0x0800d053   Thumb Code    92  scheduler_hook.o(.text)
    semaphore_sample                         0x0800d17f   Thumb Code   118  semaphore_sample.o(.text)
    thread1_signal_handler                   0x0800d2fd   Thumb Code    14  signal_sample.o(.text)
    signal_sample                            0x0800d339   Thumb Code    64  signal_sample.o(.text)
    thread_sample                            0x0800d3f1   Thumb Code    84  thread_sample.o(.text)
    timer_sample                             0x0800d4db   Thumb Code    74  timer_sample.o(.text)
    timeslice_sample                         0x0800d5d1   Thumb Code    70  timeslice_sample.o(.text)
    __aeabi_memcpy                           0x0800d659   Thumb Code    36  memcpya.o(.text)
    __aeabi_memcpy4                          0x0800d659   Thumb Code     0  memcpya.o(.text)
    __aeabi_memcpy8                          0x0800d659   Thumb Code     0  memcpya.o(.text)
    __aeabi_memset                           0x0800d67d   Thumb Code    14  memseta.o(.text)
    __aeabi_memset4                          0x0800d67d   Thumb Code     0  memseta.o(.text)
    __aeabi_memset8                          0x0800d67d   Thumb Code     0  memseta.o(.text)
    __aeabi_memclr                           0x0800d68b   Thumb Code     4  memseta.o(.text)
    __aeabi_memclr4                          0x0800d68b   Thumb Code     0  memseta.o(.text)
    __aeabi_memclr8                          0x0800d68b   Thumb Code     0  memseta.o(.text)
    _memset$wrapper                          0x0800d68f   Thumb Code    18  memseta.o(.text)
    strcat                                   0x0800d6a1   Thumb Code    24  strcat.o(.text)
    strlen                                   0x0800d6b9   Thumb Code    14  strlen.o(.text)
    memcmp                                   0x0800d6c7   Thumb Code    26  memcmp.o(.text)
    strcpy                                   0x0800d6e1   Thumb Code    18  strcpy.o(.text)
    strncmp                                  0x0800d6f3   Thumb Code    30  strncmp.o(.text)
    atoi                                     0x0800d711   Thumb Code    26  atoi.o(.text)
    strtol                                   0x0800d72b   Thumb Code   112  strtol.o(.text)
    __scatterload                            0x0800d79d   Thumb Code    28  init.o(.text)
    __scatterload_rt2                        0x0800d79d   Thumb Code     0  init.o(.text)
    __rt_ctype_table                         0x0800d7c1   Thumb Code     4  ctype_o.o(.text)
    _strtoul                                 0x0800d7c9   Thumb Code   158  _strtoul.o(.text)
    _chval                                   0x0800d867   Thumb Code    28  _chval.o(.text)
    __decompress                             0x0800d883   Thumb Code     0  __dczerorl2.o(.text)
    __decompress1                            0x0800d883   Thumb Code    86  __dczerorl2.o(.text)
    __aeabi_errno_addr                       0x0800d8d9   Thumb Code     4  errno.o(i.__aeabi_errno_addr)
    __rt_errno_addr                          0x0800d8d9   Thumb Code     0  errno.o(i.__aeabi_errno_addr)
    __scatterload_copy                       0x0800d8e1   Thumb Code    14  handlers.o(i.__scatterload_copy)
    __scatterload_null                       0x0800d8ef   Thumb Code     2  handlers.o(i.__scatterload_null)
    __scatterload_zeroinit                   0x0800d8f1   Thumb Code    14  handlers.o(i.__scatterload_zeroinit)
    AHBPrescTable                            0x0800e2eb   Data          16  system_stm32f1xx.o(.constdata)
    APBPrescTable                            0x0800e2fb   Data           8  system_stm32f1xx.o(.constdata)
    __lowest_bit_bitmap                      0x0800e5ed   Data         256  kservice.o(.constdata)
    __ctype_table                            0x0800ebbe   Data         129  ctype_o.o(.constdata)
    __fsym___cmd_set_mode_name               0x0800f075   Data          15  main.o(.rodata.name)
    __fsym___cmd_set_mode_desc               0x0800f084   Data          15  main.o(.rodata.name)
    __fsym___cmd_get_mode_name               0x0800f093   Data          15  main.o(.rodata.name)
    __fsym___cmd_get_mode_desc               0x0800f0a2   Data          15  main.o(.rodata.name)
    __fsym_list_mem_name                     0x0800f0b1   Data           9  mem.o(.rodata.name)
    __fsym_list_mem_desc                     0x0800f0ba   Data          30  mem.o(.rodata.name)
    __fsym_pinMode_name                      0x0800f0d8   Data           8  pin.o(.rodata.name)
    __fsym_pinMode_desc                      0x0800f0e0   Data          22  pin.o(.rodata.name)
    __fsym_pinWrite_name                     0x0800f0f6   Data           9  pin.o(.rodata.name)
    __fsym_pinWrite_desc                     0x0800f0ff   Data          28  pin.o(.rodata.name)
    __fsym_pinRead_name                      0x0800f11b   Data           8  pin.o(.rodata.name)
    __fsym_pinRead_desc                      0x0800f123   Data          30  pin.o(.rodata.name)
    __fsym_hello_name                        0x0800f141   Data           6  cmd.o(.rodata.name)
    __fsym_hello_desc                        0x0800f147   Data          16  cmd.o(.rodata.name)
    __fsym_version_name                      0x0800f157   Data           8  cmd.o(.rodata.name)
    __fsym_version_desc                      0x0800f15f   Data          35  cmd.o(.rodata.name)
    __fsym___cmd_version_name                0x0800f182   Data          14  cmd.o(.rodata.name)
    __fsym___cmd_version_desc                0x0800f190   Data          35  cmd.o(.rodata.name)
    __fsym_list_thread_name                  0x0800f1b3   Data          12  cmd.o(.rodata.name)
    __fsym_list_thread_desc                  0x0800f1bf   Data          12  cmd.o(.rodata.name)
    __fsym___cmd_list_thread_name            0x0800f1cb   Data          18  cmd.o(.rodata.name)
    __fsym___cmd_list_thread_desc            0x0800f1dd   Data          12  cmd.o(.rodata.name)
    __fsym_list_sem_name                     0x0800f1e9   Data           9  cmd.o(.rodata.name)
    __fsym_list_sem_desc                     0x0800f1f2   Data          25  cmd.o(.rodata.name)
    __fsym___cmd_list_sem_name               0x0800f20b   Data          15  cmd.o(.rodata.name)
    __fsym___cmd_list_sem_desc               0x0800f21a   Data          25  cmd.o(.rodata.name)
    __fsym_list_event_name                   0x0800f233   Data          11  cmd.o(.rodata.name)
    __fsym_list_event_desc                   0x0800f23e   Data          21  cmd.o(.rodata.name)
    __fsym___cmd_list_event_name             0x0800f253   Data          17  cmd.o(.rodata.name)
    __fsym___cmd_list_event_desc             0x0800f264   Data          21  cmd.o(.rodata.name)
    __fsym_list_mutex_name                   0x0800f279   Data          11  cmd.o(.rodata.name)
    __fsym_list_mutex_desc                   0x0800f284   Data          21  cmd.o(.rodata.name)
    __fsym___cmd_list_mutex_name             0x0800f299   Data          17  cmd.o(.rodata.name)
    __fsym___cmd_list_mutex_desc             0x0800f2aa   Data          21  cmd.o(.rodata.name)
    __fsym_list_mailbox_name                 0x0800f2bf   Data          13  cmd.o(.rodata.name)
    __fsym_list_mailbox_desc                 0x0800f2cc   Data          24  cmd.o(.rodata.name)
    __fsym___cmd_list_mailbox_name           0x0800f2e4   Data          19  cmd.o(.rodata.name)
    __fsym___cmd_list_mailbox_desc           0x0800f2f7   Data          24  cmd.o(.rodata.name)
    __fsym_list_msgqueue_name                0x0800f30f   Data          14  cmd.o(.rodata.name)
    __fsym_list_msgqueue_desc                0x0800f31d   Data          29  cmd.o(.rodata.name)
    __fsym___cmd_list_msgqueue_name          0x0800f33a   Data          20  cmd.o(.rodata.name)
    __fsym___cmd_list_msgqueue_desc          0x0800f34e   Data          29  cmd.o(.rodata.name)
    __fsym_list_memheap_name                 0x0800f36b   Data          13  cmd.o(.rodata.name)
    __fsym_list_memheap_desc                 0x0800f378   Data          27  cmd.o(.rodata.name)
    __fsym___cmd_list_memheap_name           0x0800f393   Data          19  cmd.o(.rodata.name)
    __fsym___cmd_list_memheap_desc           0x0800f3a6   Data          27  cmd.o(.rodata.name)
    __fsym_list_mempool_name                 0x0800f3c1   Data          13  cmd.o(.rodata.name)
    __fsym_list_mempool_desc                 0x0800f3ce   Data          27  cmd.o(.rodata.name)
    __fsym___cmd_list_mempool_name           0x0800f3e9   Data          19  cmd.o(.rodata.name)
    __fsym___cmd_list_mempool_desc           0x0800f3fc   Data          27  cmd.o(.rodata.name)
    __fsym_list_timer_name                   0x0800f417   Data          11  cmd.o(.rodata.name)
    __fsym_list_timer_desc                   0x0800f422   Data          21  cmd.o(.rodata.name)
    __fsym___cmd_list_timer_name             0x0800f437   Data          17  cmd.o(.rodata.name)
    __fsym___cmd_list_timer_desc             0x0800f448   Data          21  cmd.o(.rodata.name)
    __fsym_list_device_name                  0x0800f45d   Data          12  cmd.o(.rodata.name)
    __fsym_list_device_desc                  0x0800f469   Data          22  cmd.o(.rodata.name)
    __fsym___cmd_list_device_name            0x0800f47f   Data          18  cmd.o(.rodata.name)
    __fsym___cmd_list_device_desc            0x0800f491   Data          22  cmd.o(.rodata.name)
    __fsym_list_name                         0x0800f4a7   Data           5  cmd.o(.rodata.name)
    __fsym_list_desc                         0x0800f4ac   Data          26  cmd.o(.rodata.name)
    __fsym___cmd_help_name                   0x0800f4c6   Data          11  msh.o(.rodata.name)
    __fsym___cmd_help_desc                   0x0800f4d1   Data          22  msh.o(.rodata.name)
    __fsym___cmd_ps_name                     0x0800f4e7   Data           9  msh_cmd.o(.rodata.name)
    __fsym___cmd_ps_desc                     0x0800f4f0   Data          28  msh_cmd.o(.rodata.name)
    __fsym___cmd_time_name                   0x0800f50c   Data          11  msh_cmd.o(.rodata.name)
    __fsym___cmd_time_desc                   0x0800f517   Data          27  msh_cmd.o(.rodata.name)
    __fsym___cmd_free_name                   0x0800f532   Data          11  msh_cmd.o(.rodata.name)
    __fsym___cmd_free_desc                   0x0800f53d   Data          37  msh_cmd.o(.rodata.name)
    __fsym___cmd_dynmem_sample_name          0x0800f562   Data          20  dynmem_sample.o(.rodata.name)
    __fsym___cmd_dynmem_sample_desc          0x0800f576   Data          14  dynmem_sample.o(.rodata.name)
    __fsym___cmd_event_sample_name           0x0800f584   Data          19  event_sample.o(.rodata.name)
    __fsym___cmd_event_sample_desc           0x0800f597   Data          13  event_sample.o(.rodata.name)
    __fsym___cmd_idle_hook_sample_name       0x0800f5a4   Data          23  idlehook_sample.o(.rodata.name)
    __fsym___cmd_idle_hook_sample_desc       0x0800f5bb   Data          17  idlehook_sample.o(.rodata.name)
    __fsym___cmd_interrupt_sample_name       0x0800f5cc   Data          23  interrupt_sample.o(.rodata.name)
    __fsym___cmd_interrupt_sample_desc       0x0800f5e3   Data          17  interrupt_sample.o(.rodata.name)
    __fsym___cmd_mailbox_sample_name         0x0800f5f4   Data          21  mailbox_sample.o(.rodata.name)
    __fsym___cmd_mailbox_sample_desc         0x0800f609   Data          15  mailbox_sample.o(.rodata.name)
    __fsym___cmd_mempool_sample_name         0x0800f618   Data          21  memp_sample.o(.rodata.name)
    __fsym___cmd_mempool_sample_desc         0x0800f62d   Data          15  memp_sample.o(.rodata.name)
    __fsym___cmd_msgq_sample_name            0x0800f63c   Data          18  msgq_sample.o(.rodata.name)
    __fsym___cmd_msgq_sample_desc            0x0800f64e   Data          12  msgq_sample.o(.rodata.name)
    __fsym___cmd_mutex_sample_name           0x0800f65a   Data          19  mutex_sample.o(.rodata.name)
    __fsym___cmd_mutex_sample_desc           0x0800f66d   Data          13  mutex_sample.o(.rodata.name)
    __fsym___cmd_pri_inversion_name          0x0800f67a   Data          20  priority_inversion.o(.rodata.name)
    __fsym___cmd_pri_inversion_desc          0x0800f68e   Data          21  priority_inversion.o(.rodata.name)
    __fsym___cmd_producer_consumer_name      0x0800f6a3   Data          24  producer_consumer.o(.rodata.name)
    __fsym___cmd_producer_consumer_desc      0x0800f6bb   Data          25  producer_consumer.o(.rodata.name)
    __fsym___cmd_scheduler_hook_name         0x0800f6d4   Data          21  scheduler_hook.o(.rodata.name)
    __fsym___cmd_scheduler_hook_desc         0x0800f6e9   Data          22  scheduler_hook.o(.rodata.name)
    __fsym___cmd_semaphore_sample_name       0x0800f6ff   Data          23  semaphore_sample.o(.rodata.name)
    __fsym___cmd_semaphore_sample_desc       0x0800f716   Data          17  semaphore_sample.o(.rodata.name)
    __fsym___cmd_signal_sample_name          0x0800f727   Data          20  signal_sample.o(.rodata.name)
    __fsym___cmd_signal_sample_desc          0x0800f73b   Data          14  signal_sample.o(.rodata.name)
    __fsym___cmd_thread_sample_name          0x0800f749   Data          20  thread_sample.o(.rodata.name)
    __fsym___cmd_thread_sample_desc          0x0800f75d   Data          14  thread_sample.o(.rodata.name)
    __fsym___cmd_timer_sample_name           0x0800f76b   Data          19  timer_sample.o(.rodata.name)
    __fsym___cmd_timer_sample_desc           0x0800f77e   Data          13  timer_sample.o(.rodata.name)
    __fsym___cmd_timeslice_sample_name       0x0800f78b   Data          23  timeslice_sample.o(.rodata.name)
    __fsym___cmd_timeslice_sample_desc       0x0800f7a2   Data          17  timeslice_sample.o(.rodata.name)
    __rt_init_rti_start                      0x0800f7b4   Data           4  components.o(.rti_fn.0)
    __rt_init_rti_board_start                0x0800f7b8   Data           4  components.o(.rti_fn.0.end)
    __rt_init_rt_hw_pin_init                 0x0800f7bc   Data           4  drv_gpio.o(.rti_fn.1)
    __rt_init_rt_hw_usart_init               0x0800f7c0   Data           4  drv_usart.o(.rti_fn.1)
    __rt_init_rti_board_end                  0x0800f7c4   Data           4  components.o(.rti_fn.1.end)
    __rt_init_finsh_system_init              0x0800f7c8   Data           4  shell.o(.rti_fn.6)
    __rt_init_rti_end                        0x0800f7cc   Data           4  components.o(.rti_fn.6.end)
    FSymTab$$Base                            0x0800f7d0   Number         0  main.o(FSymTab)
    __fsym___cmd_set_mode                    0x0800f7d0   Data          12  main.o(FSymTab)
    __fsym___cmd_get_mode                    0x0800f7dc   Data          12  main.o(FSymTab)
    __fsym_list_mem                          0x0800f7e8   Data          12  mem.o(FSymTab)
    __fsym_pinMode                           0x0800f7f4   Data          12  pin.o(FSymTab)
    __fsym_pinWrite                          0x0800f800   Data          12  pin.o(FSymTab)
    __fsym_pinRead                           0x0800f80c   Data          12  pin.o(FSymTab)
    __fsym_hello                             0x0800f818   Data          12  cmd.o(FSymTab)
    __fsym_version                           0x0800f824   Data          12  cmd.o(FSymTab)
    __fsym___cmd_version                     0x0800f830   Data          12  cmd.o(FSymTab)
    __fsym_list_thread                       0x0800f83c   Data          12  cmd.o(FSymTab)
    __fsym___cmd_list_thread                 0x0800f848   Data          12  cmd.o(FSymTab)
    __fsym_list_sem                          0x0800f854   Data          12  cmd.o(FSymTab)
    __fsym___cmd_list_sem                    0x0800f860   Data          12  cmd.o(FSymTab)
    __fsym_list_event                        0x0800f86c   Data          12  cmd.o(FSymTab)
    __fsym___cmd_list_event                  0x0800f878   Data          12  cmd.o(FSymTab)
    __fsym_list_mutex                        0x0800f884   Data          12  cmd.o(FSymTab)
    __fsym___cmd_list_mutex                  0x0800f890   Data          12  cmd.o(FSymTab)
    __fsym_list_mailbox                      0x0800f89c   Data          12  cmd.o(FSymTab)
    __fsym___cmd_list_mailbox                0x0800f8a8   Data          12  cmd.o(FSymTab)
    __fsym_list_msgqueue                     0x0800f8b4   Data          12  cmd.o(FSymTab)
    __fsym___cmd_list_msgqueue               0x0800f8c0   Data          12  cmd.o(FSymTab)
    __fsym_list_memheap                      0x0800f8cc   Data          12  cmd.o(FSymTab)
    __fsym___cmd_list_memheap                0x0800f8d8   Data          12  cmd.o(FSymTab)
    __fsym_list_mempool                      0x0800f8e4   Data          12  cmd.o(FSymTab)
    __fsym___cmd_list_mempool                0x0800f8f0   Data          12  cmd.o(FSymTab)
    __fsym_list_timer                        0x0800f8fc   Data          12  cmd.o(FSymTab)
    __fsym___cmd_list_timer                  0x0800f908   Data          12  cmd.o(FSymTab)
    __fsym_list_device                       0x0800f914   Data          12  cmd.o(FSymTab)
    __fsym___cmd_list_device                 0x0800f920   Data          12  cmd.o(FSymTab)
    __fsym_list                              0x0800f92c   Data          12  cmd.o(FSymTab)
    __fsym___cmd_help                        0x0800f938   Data          12  msh.o(FSymTab)
    __fsym___cmd_ps                          0x0800f944   Data          12  msh_cmd.o(FSymTab)
    __fsym___cmd_time                        0x0800f950   Data          12  msh_cmd.o(FSymTab)
    __fsym___cmd_free                        0x0800f95c   Data          12  msh_cmd.o(FSymTab)
    __fsym___cmd_dynmem_sample               0x0800f968   Data          12  dynmem_sample.o(FSymTab)
    __fsym___cmd_event_sample                0x0800f974   Data          12  event_sample.o(FSymTab)
    __fsym___cmd_idle_hook_sample            0x0800f980   Data          12  idlehook_sample.o(FSymTab)
    __fsym___cmd_interrupt_sample            0x0800f98c   Data          12  interrupt_sample.o(FSymTab)
    __fsym___cmd_mailbox_sample              0x0800f998   Data          12  mailbox_sample.o(FSymTab)
    __fsym___cmd_mempool_sample              0x0800f9a4   Data          12  memp_sample.o(FSymTab)
    __fsym___cmd_msgq_sample                 0x0800f9b0   Data          12  msgq_sample.o(FSymTab)
    __fsym___cmd_mutex_sample                0x0800f9bc   Data          12  mutex_sample.o(FSymTab)
    __fsym___cmd_pri_inversion               0x0800f9c8   Data          12  priority_inversion.o(FSymTab)
    __fsym___cmd_producer_consumer           0x0800f9d4   Data          12  producer_consumer.o(FSymTab)
    __fsym___cmd_scheduler_hook              0x0800f9e0   Data          12  scheduler_hook.o(FSymTab)
    __fsym___cmd_semaphore_sample            0x0800f9ec   Data          12  semaphore_sample.o(FSymTab)
    __fsym___cmd_signal_sample               0x0800f9f8   Data          12  signal_sample.o(FSymTab)
    __fsym___cmd_thread_sample               0x0800fa04   Data          12  thread_sample.o(FSymTab)
    __fsym___cmd_timer_sample                0x0800fa10   Data          12  timer_sample.o(FSymTab)
    __fsym___cmd_timeslice_sample            0x0800fa1c   Data          12  timeslice_sample.o(FSymTab)
    FSymTab$$Limit                           0x0800fa28   Number         0  timeslice_sample.o(FSymTab)
    Region$$Table$$Base                      0x0800fa28   Number         0  anon$$obj.o(Region$$Table)
    Region$$Table$$Limit                     0x0800fa48   Number         0  anon$$obj.o(Region$$Table)
    pin_irq_hdr_tab                          0x20000010   Data         192  drv_gpio.o(.data)
    uart1                                    0x200000d0   Data          68  drv_usart.o(.data)
    SystemCoreClock                          0x20000114   Data           4  system_stm32f1xx.o(.data)
    uwTick                                   0x20000118   Data           4  stm32f1xx_hal.o(.data)
    rt_interrupt_nest                        0x20000128   Data           1  irq.o(.data)
    rt_assert_hook                           0x20000134   Data           4  kservice.o(.data)
    rt_object_trytake_hook                   0x20000208   Data           4  object.o(.data)
    rt_object_take_hook                      0x2000020c   Data           4  object.o(.data)
    rt_object_put_hook                       0x20000210   Data           4  object.o(.data)
    rt_current_thread                        0x20000218   Data           4  scheduler.o(.data)
    rt_current_priority                      0x2000021c   Data           1  scheduler.o(.data)
    rt_thread_ready_priority_group           0x20000220   Data           4  scheduler.o(.data)
    rt_thread_defunct                        0x20000224   Data           8  scheduler.o(.data)
    rt_interrupt_from_thread                 0x20000250   Data           4  cpuport.o(.data)
    rt_interrupt_to_thread                   0x20000254   Data           4  cpuport.o(.data)
    rt_thread_switch_interrupt_flag          0x20000258   Data           4  cpuport.o(.data)
    shell                                    0x20000260   Data           4  shell.o(.data)
    _syscall_table_begin                     0x20000264   Data           4  symbol.o(.data)
    _syscall_table_end                       0x20000268   Data           4  symbol.o(.data)
    _sysvar_table_begin                      0x2000026c   Data           4  symbol.o(.data)
    _sysvar_table_end                        0x20000270   Data           4  symbol.o(.data)
    count                                    0x200002d8   Data           8  scheduler_hook.o(.data)
    serial1                                  0x20000310   Data          84  drv_usart.o(.bss)
    rt_thread_priority_table                 0x200005a8   Data         256  scheduler.o(.bss)
    array                                    0x20004614   Data          20  producer_consumer.o(.bss)
    sem_lock                                 0x20004628   Data          32  producer_consumer.o(.bss)
    sem_empty                                0x20004648   Data          32  producer_consumer.o(.bss)
    sem_full                                 0x20004668   Data          32  producer_consumer.o(.bss)
    Image$$RW_IRAM1$$ZI$$Limit               0x20005848   Number         0  anon$$obj.o ABSOLUTE
    __initial_sp                             0x20005848   Data           0  startup_stm32f103xe.o(STACK)



==============================================================================

Memory Map of the image

  Image Entry point : 0x08000131

  Load Region LR_IROM1 (Base: 0x08000000, Size: 0x0000fd58, Max: 0x000c0000, ABSOLUTE, COMPRESSED[0x0000fad8])

    Execution Region ER_IROM1 (Exec base: 0x08000000, Load base: 0x08000000, Size: 0x0000fa48, Max: 0x000c0000, ABSOLUTE)

    Exec Addr    Load Addr    Size         Type   Attr      Idx    E Section Name        Object

    0x08000000   0x08000000   0x00000130   Data   RO         1342    RESET               startup_stm32f103xe.o
    0x08000130   0x08000130   0x00000000   Code   RO         2057  * .ARM.Collect$$$$00000000  mc_w.l(entry.o)
    0x08000130   0x08000130   0x00000004   Code   RO         2080    .ARM.Collect$$$$00000001  mc_w.l(entry2.o)
    0x08000134   0x08000134   0x00000004   Code   RO         2083    .ARM.Collect$$$$00000004  mc_w.l(entry5.o)
    0x08000138   0x08000138   0x00000000   Code   RO         2085    .ARM.Collect$$$$00000008  mc_w.l(entry7b.o)
    0x08000138   0x08000138   0x00000000   Code   RO         2087    .ARM.Collect$$$$0000000A  mc_w.l(entry8b.o)
    0x08000138   0x08000138   0x00000008   Code   RO         2088    .ARM.Collect$$$$0000000B  mc_w.l(entry9a.o)
    0x08000140   0x08000140   0x00000000   Code   RO         2090    .ARM.Collect$$$$0000000D  mc_w.l(entry10a.o)
    0x08000140   0x08000140   0x00000000   Code   RO         2092    .ARM.Collect$$$$0000000F  mc_w.l(entry11a.o)
    0x08000140   0x08000140   0x00000004   Code   RO         2081    .ARM.Collect$$$$00002712  mc_w.l(entry2.o)
    0x08000144   0x08000144   0x00000090   Code   RO            1    .text               main.o
    0x080001d4   0x080001d4   0x00000190   Code   RO          129    .text               board.o
    0x08000364   0x08000364   0x00000010   Code   RO          284    .text               stm32f1xx_it.o
    0x08000374   0x08000374   0x0000057c   Code   RO          311    .text               drv_gpio.o
    0x080008f0   0x080008f0   0x000004cc   Code   RO          370    .text               drv_usart.o
    0x08000dbc   0x08000dbc   0x000000f4   Code   RO          407    .text               system_stm32f1xx.o
    0x08000eb0   0x08000eb0   0x000004e8   Code   RO          474    .text               stm32f1xx_hal_gpio.o
    0x08001398   0x08001398   0x00000ee4   Code   RO          574    .text               stm32f1xx_hal_dma.o
    0x0800227c   0x0800227c   0x000002c4   Code   RO          598    .text               stm32f1xx_hal_cortex.o
    0x08002540   0x08002540   0x000008a8   Code   RO          722    .text               stm32f1xx_hal_rcc.o
    0x08002de8   0x08002de8   0x0000120a   Code   RO          908    .text               stm32f1xx_hal_uart.o
    0x08003ff2   0x08003ff2   0x00000002   PAD
    0x08003ff4   0x08003ff4   0x0000015c   Code   RO          974    .text               stm32f1xx_hal.o
    0x08004150   0x08004150   0x00000024   Code   RO         1343    .text               startup_stm32f103xe.o
    0x08004174   0x08004174   0x0000006c   Code   RO         1347    .text               clock.o
    0x080041e0   0x080041e0   0x000000dc   Code   RO         1361    .text               components.o
    0x080042bc   0x080042bc   0x00000530   Code   RO         1380    .text               device.o
    0x080047ec   0x080047ec   0x000001d4   Code   RO         1393    .text               idle.o
    0x080049c0   0x080049c0   0x00001c08   Code   RO         1412    .text               ipc.o
    0x080065c8   0x080065c8   0x0000007c   Code   RO         1430    .text               irq.o
    0x08006644   0x08006644   0x00000ab0   Code   RO         1445    .text               kservice.o
    0x080070f4   0x080070f4   0x000008f4   Code   RO         1465    .text               mem.o
    0x080079e8   0x080079e8   0x000004f0   Code   RO         1502    .text               mempool.o
    0x08007ed8   0x08007ed8   0x00000378   Code   RO         1520    .text               object.o
    0x08008250   0x08008250   0x00000308   Code   RO         1539    .text               scheduler.o
    0x08008558   0x08008558   0x000005c4   Code   RO         1560    .text               signal.o
    0x08008b1c   0x08008b1c   0x0000059c   Code   RO         1590    .text               timer.o
    0x080090b8   0x080090b8   0x000007f8   Code   RO         1609    .text               thread.o
    0x080098b0   0x080098b0   0x000005d4   Code   RO         1629    .text               cpuport.o
    0x08009e84   0x08009e84   0x000000f0   Code   RO         1645    .text               context_rvds.o
    0x08009f74   0x08009f74   0x00000250   Code   RO         1649    .text               pin.o
    0x0800a1c4   0x0800a1c4   0x00000530   Code   RO         1667    .text               serial.o
    0x0800a6f4   0x0800a6f4   0x000008bc   Code   RO         1680    .text               shell.o
    0x0800afb0   0x0800afb0   0x00000bfc   Code   RO         1721    .text               cmd.o
    0x0800bbac   0x0800bbac   0x00000368   Code   RO         1742    .text               msh.o
    0x0800bf14   0x0800bf14   0x00000022   Code   RO         1759    .text               msh_cmd.o
    0x0800bf36   0x0800bf36   0x00000002   PAD
    0x0800bf38   0x0800bf38   0x000000d0   Code   RO         1781    .text               dynmem_sample.o
    0x0800c008   0x0800c008   0x00000204   Code   RO         1797    .text               event_sample.o
    0x0800c20c   0x0800c20c   0x00000138   Code   RO         1814    .text               idlehook_sample.o
    0x0800c344   0x0800c344   0x000000b8   Code   RO         1831    .text               interrupt_sample.o
    0x0800c3fc   0x0800c3fc   0x00000194   Code   RO         1848    .text               mailbox_sample.o
    0x0800c590   0x0800c590   0x00000160   Code   RO         1866    .text               memp_sample.o
    0x0800c6f0   0x0800c6f0   0x0000025c   Code   RO         1884    .text               msgq_sample.o
    0x0800c94c   0x0800c94c   0x000001b0   Code   RO         1901    .text               mutex_sample.o
    0x0800cafc   0x0800cafc   0x00000254   Code   RO         1919    .text               priority_inversion.o
    0x0800cd50   0x0800cd50   0x000002d8   Code   RO         1936    .text               producer_consumer.o
    0x0800d028   0x0800d028   0x000000d8   Code   RO         1954    .text               scheduler_hook.o
    0x0800d100   0x0800d100   0x000001fc   Code   RO         1971    .text               semaphore_sample.o
    0x0800d2fc   0x0800d2fc   0x000000bc   Code   RO         1989    .text               signal_sample.o
    0x0800d3b8   0x0800d3b8   0x000000e8   Code   RO         2006    .text               thread_sample.o
    0x0800d4a0   0x0800d4a0   0x00000104   Code   RO         2024    .text               timer_sample.o
    0x0800d5a4   0x0800d5a4   0x000000b4   Code   RO         2041    .text               timeslice_sample.o
    0x0800d658   0x0800d658   0x00000024   Code   RO         2062    .text               mc_w.l(memcpya.o)
    0x0800d67c   0x0800d67c   0x00000024   Code   RO         2064    .text               mc_w.l(memseta.o)
    0x0800d6a0   0x0800d6a0   0x00000018   Code   RO         2066    .text               mc_w.l(strcat.o)
    0x0800d6b8   0x0800d6b8   0x0000000e   Code   RO         2068    .text               mc_w.l(strlen.o)
    0x0800d6c6   0x0800d6c6   0x0000001a   Code   RO         2070    .text               mc_w.l(memcmp.o)
    0x0800d6e0   0x0800d6e0   0x00000012   Code   RO         2072    .text               mc_w.l(strcpy.o)
    0x0800d6f2   0x0800d6f2   0x0000001e   Code   RO         2074    .text               mc_w.l(strncmp.o)
    0x0800d710   0x0800d710   0x0000001a   Code   RO         2078    .text               mc_w.l(atoi.o)
    0x0800d72a   0x0800d72a   0x00000070   Code   RO         2101    .text               mc_w.l(strtol.o)
    0x0800d79a   0x0800d79a   0x00000002   PAD
    0x0800d79c   0x0800d79c   0x00000024   Code   RO         2103    .text               mc_w.l(init.o)
    0x0800d7c0   0x0800d7c0   0x00000008   Code   RO         2105    .text               mc_w.l(ctype_o.o)
    0x0800d7c8   0x0800d7c8   0x0000009e   Code   RO         2133    .text               mc_w.l(_strtoul.o)
    0x0800d866   0x0800d866   0x0000001c   Code   RO         2135    .text               mc_w.l(_chval.o)
    0x0800d882   0x0800d882   0x00000056   Code   RO         2145    .text               mc_w.l(__dczerorl2.o)
    0x0800d8d8   0x0800d8d8   0x00000008   Code   RO         2094    i.__aeabi_errno_addr  mc_w.l(errno.o)
    0x0800d8e0   0x0800d8e0   0x0000000e   Code   RO         2139    i.__scatterload_copy  mc_w.l(handlers.o)
    0x0800d8ee   0x0800d8ee   0x00000002   Code   RO         2140    i.__scatterload_null  mc_w.l(handlers.o)
    0x0800d8f0   0x0800d8f0   0x0000000e   Code   RO         2141    i.__scatterload_zeroinit  mc_w.l(handlers.o)
    0x0800d8fe   0x0800d8fe   0x00000013   Data   RO          130    .constdata          board.o
    0x0800d911   0x0800d911   0x00000003   PAD
    0x0800d914   0x0800d914   0x00000968   Data   RO          312    .constdata          drv_gpio.o
    0x0800e27c   0x0800e27c   0x0000006f   Data   RO          372    .constdata          drv_usart.o
    0x0800e2eb   0x0800e2eb   0x00000018   Data   RO          408    .constdata          system_stm32f1xx.o
    0x0800e303   0x0800e303   0x00000014   Data   RO         1362    .constdata          components.o
    0x0800e317   0x0800e317   0x000000c9   Data   RO         1381    .constdata          device.o
    0x0800e3e0   0x0800e3e0   0x00000016   Data   RO         1395    .constdata          idle.o
    0x0800e3f6   0x0800e3f6   0x000001f7   Data   RO         1413    .constdata          ipc.o
    0x0800e5ed   0x0800e5ed   0x00000122   Data   RO         1447    .constdata          kservice.o
    0x0800e70f   0x0800e70f   0x00000046   Data   RO         1467    .constdata          mem.o
    0x0800e755   0x0800e755   0x0000003e   Data   RO         1503    .constdata          mempool.o
    0x0800e793   0x0800e793   0x00000080   Data   RO         1521    .constdata          object.o
    0x0800e813   0x0800e813   0x0000004e   Data   RO         1541    .constdata          scheduler.o
    0x0800e861   0x0800e861   0x00000048   Data   RO         1561    .constdata          signal.o
    0x0800e8a9   0x0800e8a9   0x0000005c   Data   RO         1591    .constdata          timer.o
    0x0800e905   0x0800e905   0x000000b9   Data   RO         1610    .constdata          thread.o
    0x0800e9be   0x0800e9be   0x00000013   Data   RO         1630    .constdata          cpuport.o
    0x0800e9d1   0x0800e9d1   0x0000007e   Data   RO         1651    .constdata          pin.o
    0x0800ea4f   0x0800ea4f   0x000000b5   Data   RO         1668    .constdata          serial.o
    0x0800eb04   0x0800eb04   0x0000005b   Data   RO         1682    .constdata          shell.o
    0x0800eb5f   0x0800eb5f   0x00000001   PAD
    0x0800eb60   0x0800eb60   0x00000050   Data   RO         1722    .constdata          cmd.o
    0x0800ebb0   0x0800ebb0   0x0000000e   Data   RO         1743    .constdata          msh.o
    0x0800ebbe   0x0800ebbe   0x00000081   Data   RO         2106    .constdata          mc_w.l(ctype_o.o)
    0x0800ec3f   0x0800ec3f   0x00000001   PAD
    0x0800ec40   0x0800ec40   0x00000004   Data   RO         2107    .constdata          mc_w.l(ctype_o.o)
    0x0800ec44   0x0800ec44   0x00000043   Data   RO          131    .conststring        board.o
    0x0800ec87   0x0800ec87   0x00000001   PAD
    0x0800ec88   0x0800ec88   0x0000015a   Data   RO         1414    .conststring        ipc.o
    0x0800ede2   0x0800ede2   0x00000002   PAD
    0x0800ede4   0x0800ede4   0x000000ed   Data   RO         1468    .conststring        mem.o
    0x0800eed1   0x0800eed1   0x00000003   PAD
    0x0800eed4   0x0800eed4   0x00000042   Data   RO         1611    .conststring        thread.o
    0x0800ef16   0x0800ef16   0x00000002   PAD
    0x0800ef18   0x0800ef18   0x0000015d   Data   RO         1723    .conststring        cmd.o
    0x0800f075   0x0800f075   0x0000003c   Data   RO            3    .rodata.name        main.o
    0x0800f0b1   0x0800f0b1   0x00000027   Data   RO         1470    .rodata.name        mem.o
    0x0800f0d8   0x0800f0d8   0x00000069   Data   RO         1652    .rodata.name        pin.o
    0x0800f141   0x0800f141   0x00000385   Data   RO         1724    .rodata.name        cmd.o
    0x0800f4c6   0x0800f4c6   0x00000021   Data   RO         1744    .rodata.name        msh.o
    0x0800f4e7   0x0800f4e7   0x0000007b   Data   RO         1760    .rodata.name        msh_cmd.o
    0x0800f562   0x0800f562   0x00000022   Data   RO         1782    .rodata.name        dynmem_sample.o
    0x0800f584   0x0800f584   0x00000020   Data   RO         1799    .rodata.name        event_sample.o
    0x0800f5a4   0x0800f5a4   0x00000028   Data   RO         1816    .rodata.name        idlehook_sample.o
    0x0800f5cc   0x0800f5cc   0x00000028   Data   RO         1833    .rodata.name        interrupt_sample.o
    0x0800f5f4   0x0800f5f4   0x00000024   Data   RO         1851    .rodata.name        mailbox_sample.o
    0x0800f618   0x0800f618   0x00000024   Data   RO         1869    .rodata.name        memp_sample.o
    0x0800f63c   0x0800f63c   0x0000001e   Data   RO         1886    .rodata.name        msgq_sample.o
    0x0800f65a   0x0800f65a   0x00000020   Data   RO         1904    .rodata.name        mutex_sample.o
    0x0800f67a   0x0800f67a   0x00000029   Data   RO         1921    .rodata.name        priority_inversion.o
    0x0800f6a3   0x0800f6a3   0x00000031   Data   RO         1939    .rodata.name        producer_consumer.o
    0x0800f6d4   0x0800f6d4   0x0000002b   Data   RO         1956    .rodata.name        scheduler_hook.o
    0x0800f6ff   0x0800f6ff   0x00000028   Data   RO         1974    .rodata.name        semaphore_sample.o
    0x0800f727   0x0800f727   0x00000022   Data   RO         1991    .rodata.name        signal_sample.o
    0x0800f749   0x0800f749   0x00000022   Data   RO         2009    .rodata.name        thread_sample.o
    0x0800f76b   0x0800f76b   0x00000020   Data   RO         2026    .rodata.name        timer_sample.o
    0x0800f78b   0x0800f78b   0x00000028   Data   RO         2042    .rodata.name        timeslice_sample.o
    0x0800f7b3   0x0800f7b3   0x00000001   PAD
    0x0800f7b4   0x0800f7b4   0x00000004   Data   RO         1363    .rti_fn.0           components.o
    0x0800f7b8   0x0800f7b8   0x00000004   Data   RO         1364    .rti_fn.0.end       components.o
    0x0800f7bc   0x0800f7bc   0x00000004   Data   RO          314    .rti_fn.1           drv_gpio.o
    0x0800f7c0   0x0800f7c0   0x00000004   Data   RO          374    .rti_fn.1           drv_usart.o
    0x0800f7c4   0x0800f7c4   0x00000004   Data   RO         1365    .rti_fn.1.end       components.o
    0x0800f7c8   0x0800f7c8   0x00000004   Data   RO         1684    .rti_fn.6           shell.o
    0x0800f7cc   0x0800f7cc   0x00000004   Data   RO         1366    .rti_fn.6.end       components.o
    0x0800f7d0   0x0800f7d0   0x00000018   Data   RO            4    FSymTab             main.o
    0x0800f7e8   0x0800f7e8   0x0000000c   Data   RO         1471    FSymTab             mem.o
    0x0800f7f4   0x0800f7f4   0x00000024   Data   RO         1653    FSymTab             pin.o
    0x0800f818   0x0800f818   0x00000120   Data   RO         1725    FSymTab             cmd.o
    0x0800f938   0x0800f938   0x0000000c   Data   RO         1745    FSymTab             msh.o
    0x0800f944   0x0800f944   0x00000024   Data   RO         1761    FSymTab             msh_cmd.o
    0x0800f968   0x0800f968   0x0000000c   Data   RO         1783    FSymTab             dynmem_sample.o
    0x0800f974   0x0800f974   0x0000000c   Data   RO         1800    FSymTab             event_sample.o
    0x0800f980   0x0800f980   0x0000000c   Data   RO         1817    FSymTab             idlehook_sample.o
    0x0800f98c   0x0800f98c   0x0000000c   Data   RO         1834    FSymTab             interrupt_sample.o
    0x0800f998   0x0800f998   0x0000000c   Data   RO         1852    FSymTab             mailbox_sample.o
    0x0800f9a4   0x0800f9a4   0x0000000c   Data   RO         1870    FSymTab             memp_sample.o
    0x0800f9b0   0x0800f9b0   0x0000000c   Data   RO         1887    FSymTab             msgq_sample.o
    0x0800f9bc   0x0800f9bc   0x0000000c   Data   RO         1905    FSymTab             mutex_sample.o
    0x0800f9c8   0x0800f9c8   0x0000000c   Data   RO         1922    FSymTab             priority_inversion.o
    0x0800f9d4   0x0800f9d4   0x0000000c   Data   RO         1940    FSymTab             producer_consumer.o
    0x0800f9e0   0x0800f9e0   0x0000000c   Data   RO         1957    FSymTab             scheduler_hook.o
    0x0800f9ec   0x0800f9ec   0x0000000c   Data   RO         1975    FSymTab             semaphore_sample.o
    0x0800f9f8   0x0800f9f8   0x0000000c   Data   RO         1992    FSymTab             signal_sample.o
    0x0800fa04   0x0800fa04   0x0000000c   Data   RO         2010    FSymTab             thread_sample.o
    0x0800fa10   0x0800fa10   0x0000000c   Data   RO         2027    FSymTab             timer_sample.o
    0x0800fa1c   0x0800fa1c   0x0000000c   Data   RO         2043    FSymTab             timeslice_sample.o
    0x0800fa28   0x0800fa28   0x00000020   Data   RO         2137    Region$$Table       anon$$obj.o


    Execution Region RW_IRAM1 (Exec base: 0x20000000, Load base: 0x0800fa48, Size: 0x00005848, Max: 0x00018000, ABSOLUTE, COMPRESSED[0x00000090])

    Exec Addr    Load Addr    Size         Type   Attr      Idx    E Section Name        Object

    0x20000000   COMPRESSED   0x00000010   Data   RW            2    .data               main.o
    0x20000010   COMPRESSED   0x000000c0   Data   RW          313    .data               drv_gpio.o
    0x200000d0   COMPRESSED   0x00000044   Data   RW          373    .data               drv_usart.o
    0x20000114   COMPRESSED   0x00000004   Data   RW          409    .data               system_stm32f1xx.o
    0x20000118   COMPRESSED   0x00000004   Data   RW          975    .data               stm32f1xx_hal.o
    0x2000011c   COMPRESSED   0x00000004   Data   RW         1348    .data               clock.o
    0x20000120   COMPRESSED   0x00000009   Data   RW         1431    .data               irq.o
    0x20000129   COMPRESSED   0x00000003   PAD
    0x2000012c   COMPRESSED   0x0000000c   Data   RW         1448    .data               kservice.o
    0x20000138   COMPRESSED   0x00000020   Data   RW         1469    .data               mem.o
    0x20000158   COMPRESSED   0x00000008   Data   RW         1504    .data               mempool.o
    0x20000160   COMPRESSED   0x000000b4   Data   RW         1522    .data               object.o
    0x20000214   COMPRESSED   0x0000001c   Data   RW         1542    .data               scheduler.o
    0x20000230   COMPRESSED   0x00000004   Data   RW         1562    .data               signal.o
    0x20000234   COMPRESSED   0x00000010   Data   RW         1592    .data               timer.o
    0x20000244   COMPRESSED   0x0000000c   Data   RW         1612    .data               thread.o
    0x20000250   COMPRESSED   0x00000010   Data   RW         1631    .data               cpuport.o
    0x20000260   COMPRESSED   0x00000004   Data   RW         1683    .data               shell.o
    0x20000264   COMPRESSED   0x00000010   Data   RW         1705    .data               symbol.o
    0x20000274   COMPRESSED   0x00000008   Data   RW         1815    .data               idlehook_sample.o
    0x2000027c   COMPRESSED   0x00000004   Data   RW         1832    .data               interrupt_sample.o
    0x20000280   COMPRESSED   0x00000027   Data   RW         1850    .data               mailbox_sample.o
    0x200002a7   COMPRESSED   0x00000001   PAD
    0x200002a8   COMPRESSED   0x00000008   Data   RW         1868    .data               memp_sample.o
    0x200002b0   COMPRESSED   0x00000006   Data   RW         1903    .data               mutex_sample.o
    0x200002b6   COMPRESSED   0x00000002   PAD
    0x200002b8   COMPRESSED   0x00000010   Data   RW         1920    .data               priority_inversion.o
    0x200002c8   COMPRESSED   0x00000010   Data   RW         1938    .data               producer_consumer.o
    0x200002d8   COMPRESSED   0x00000010   Data   RW         1955    .data               scheduler_hook.o
    0x200002e8   COMPRESSED   0x0000000d   Data   RW         1973    .data               semaphore_sample.o
    0x200002f5   COMPRESSED   0x00000003   PAD
    0x200002f8   COMPRESSED   0x00000004   Data   RW         1990    .data               signal_sample.o
    0x200002fc   COMPRESSED   0x00000004   Data   RW         2008    .data               thread_sample.o
    0x20000300   COMPRESSED   0x0000000c   Data   RW         2025    .data               timer_sample.o
    0x2000030c   COMPRESSED   0x00000004   Data   RW         2097    .data               mc_w.l(errno.o)
    0x20000310        -       0x00000054   Zero   RW          371    .bss                drv_usart.o
    0x20000364        -       0x000001a4   Zero   RW         1394    .bss                idle.o
    0x20000508        -       0x00000080   Zero   RW         1446    .bss                kservice.o
    0x20000588        -       0x00000020   Zero   RW         1466    .bss                mem.o
    0x200005a8        -       0x00000100   Zero   RW         1540    .bss                scheduler.o
    0x200006a8        -       0x00000044   Zero   RW         1650    .bss                pin.o
    0x200006ec        -       0x00000081   Zero   RW         1681    .bss                shell.o
    0x2000076d   COMPRESSED   0x00000003   PAD
    0x20000770        -       0x00000948   Zero   RW         1798    .bss                event_sample.o
    0x200010b8        -       0x000009d8   Zero   RW         1849    .bss                mailbox_sample.o
    0x20001a90        -       0x00001100   Zero   RW         1867    .bss                memp_sample.o
    0x20002b90        -       0x0000115c   Zero   RW         1885    .bss                msgq_sample.o
    0x20003cec        -       0x00000928   Zero   RW         1902    .bss                mutex_sample.o
    0x20004614        -       0x00000074   Zero   RW         1937    .bss                producer_consumer.o
    0x20004688        -       0x00000928   Zero   RW         1972    .bss                semaphore_sample.o
    0x20004fb0        -       0x00000494   Zero   RW         2007    .bss                thread_sample.o
    0x20005444   COMPRESSED   0x00000004   PAD
    0x20005448        -       0x00000400   Zero   RW         1340    STACK               startup_stm32f103xe.o


==============================================================================

Image component sizes


      Code (inc. data)   RO Data    RW Data    ZI Data      Debug   Object Name

       400         80         86          0          0     458504   board.o
       108          6          0          4          0       1448   clock.o
      3068       1334       1618          0          0      14987   cmd.o
       220         42         36          0          0       2662   components.o
       240         26          0          0          0        784   context_rvds.o
      1492        718         19         16          0       3947   cpuport.o
      1328        312        201          0          0       5682   device.o
      1404         44       2412        192          0      12478   drv_gpio.o
      1228        178        115         68         84      26435   drv_usart.o
       208         92         46          0          0       1695   dynmem_sample.o
       516        264         44          0       2376       2065   event_sample.o
       468         78         22          0        420       5408   idle.o
       312        136         52          8          0       1865   idlehook_sample.o
       184         58         52          4          0       1754   interrupt_sample.o
      7176       1040        849          0          0      22303   ipc.o
       124         14          0          9          0       1896   irq.o
      2736        228        290         12        128      12280   kservice.o
       404        174         48         39       2520       2217   mailbox_sample.o
       144         68         84         16          0      20495   main.o
      2292        644        358         32         32       5495   mem.o
       352        118         48          8       4352       1997   memp_sample.o
      1264        264         62          8          0       7050   mempool.o
       604        296         42          0       4444       2153   msgq_sample.o
       872        136         59          0          0       4316   msh.o
        34          0        159          0          0       2299   msh_cmd.o
       432        178         44          6       2344       1997   mutex_sample.o
       888        186        128        180          0       8267   object.o
       592         94        267          0         68       5095   pin.o
       596        218         53         16          0       2217   priority_inversion.o
       728        290         61         16        116       2323   producer_consumer.o
       776        148         78         28        256       6585   scheduler.o
       216         82         55         16          0       1907   scheduler_hook.o
       508        264         52         13       2344       2113   semaphore_sample.o
      1328        148        181          0          0       5921   serial.o
      2236        222         95          4        129       5953   shell.o
      1476        172         72          4          0       8260   signal.o
       188         64         46          4          0       1828   signal_sample.o
        36          8        304          0       1024        900   startup_stm32f103xe.o
       348         30          0          4          0       4135   stm32f1xx_hal.o
       708         22          0          0          0      27346   stm32f1xx_hal_cortex.o
      3812         40          0          0          0       6677   stm32f1xx_hal_dma.o
      1256         42          0          0          0       3947   stm32f1xx_hal_gpio.o
      2216         94          0          0          0       5319   stm32f1xx_hal_rcc.o
      4618         46          0          0          0      15920   stm32f1xx_hal_uart.o
        16          0          0          0          0        841   stm32f1xx_it.o
         0          0          0         16          0       5149   symbol.o
       244         32         24          4          0       1757   system_stm32f1xx.o
      2040        416        251         12          0      10598   thread.o
       232         92         46          4       1172       1873   thread_sample.o
      1436        268         92         16          0       8707   timer.o
       260        128         44         12          0       1733   timer_sample.o
       180         66         52          0          0       1717   timeslice_sample.o

    ----------------------------------------------------------------------
     54548       9700       8692        780      21816     771300   Object Totals
         0          0         32          0          0          0   (incl. Generated)
         4          0         13          9          7          0   (incl. Padding)

    ----------------------------------------------------------------------

      Code (inc. data)   RO Data    RW Data    ZI Data      Debug   Library Member Name

        86          0          0          0          0          0   __dczerorl2.o
        28          0          0          0          0         68   _chval.o
       158          0          0          0          0         92   _strtoul.o
        26          0          0          0          0         80   atoi.o
         8          4        133          0          0         68   ctype_o.o
         0          0          0          0          0          0   entry.o
         0          0          0          0          0          0   entry10a.o
         0          0          0          0          0          0   entry11a.o
         8          4          0          0          0          0   entry2.o
         4          0          0          0          0          0   entry5.o
         0          0          0          0          0          0   entry7b.o
         0          0          0          0          0          0   entry8b.o
         8          4          0          0          0          0   entry9a.o
         8          4          0          4          0         68   errno.o
        30          0          0          0          0          0   handlers.o
        36          8          0          0          0         68   init.o
        26          0          0          0          0         80   memcmp.o
        36          0          0          0          0         68   memcpya.o
        36          0          0          0          0        108   memseta.o
        24          0          0          0          0         68   strcat.o
        18          0          0          0          0         68   strcpy.o
        14          0          0          0          0         68   strlen.o
        30          0          0          0          0         80   strncmp.o
       112          0          0          0          0         88   strtol.o

    ----------------------------------------------------------------------
       698         24        134          4          0       1072   Library Totals
         2          0          1          0          0          0   (incl. Padding)

    ----------------------------------------------------------------------

      Code (inc. data)   RO Data    RW Data    ZI Data      Debug   Library Name

       696         24        133          4          0       1072   mc_w.l

    ----------------------------------------------------------------------
       698         24        134          4          0       1072   Library Totals

    ----------------------------------------------------------------------

==============================================================================


      Code (inc. data)   RO Data    RW Data    ZI Data      Debug   

     55246       9724       8826        784      21816     767716   Grand Totals
     55246       9724       8826        144      21816     767716   ELF Image Totals (compressed)
     55246       9724       8826        144          0          0   ROM Totals

==============================================================================

    Total RO  Size (Code + RO Data)                64072 (  62.57kB)
    Total RW  Size (RW Data + ZI Data)             22600 (  22.07kB)
    Total ROM Size (Code + RO Data + RW Data)      64216 (  62.71kB)

==============================================================================

