<html>
<body>
<pre>
<h1>µVision Build Log</h1>
<h2>Tool Versions:</h2>
IDE-Version: ¶ÃVision V5.24.2.0
Copyright (C) 2017 ARM Ltd and ARM Germany GmbH. All rights reserved.
License Information: Xu xingsong, Xu, LIC=47GU5-G7YFM-RAJDM-XRX13-28WHX-GBFUR
 
Tool Versions:
Toolchain:       MDK-ARM Plus  Version: 5.24.1
Toolchain Path:  C:\Keil_v5\ARM\ARMCC\Bin
C Compiler:      Armcc.exe V5.06 update 5 (build 528)
Assembler:       Armasm.exe V5.06 update 5 (build 528)
Linker/Locator:  ArmLink.exe V5.06 update 5 (build 528)
Library Manager: ArmAr.exe V5.06 update 5 (build 528)
Hex Converter:   FromElf.exe V5.06 update 5 (build 528)
CPU DLL:         SARMCM3.DLL V5.24.1
Dialog DLL:      DARMSTM.DLL V1.68.0.0
Target DLL:      UL2CM3.DLL V1.160.3.0
Dialog DLL:      TARMSTM.DLL V1.66.0.0
 
<h2>Project:</h2>
C:\Users\–Ï–ÀÀ…\OneDrive\Desktop\STM32 Project\rtthread_simulator_v0.1.0\project.uvprojx
Project File Date:  05/02/2026

<h2>Output:</h2>
*** Using Compiler 'V5.06 update 5 (build 528)', folder: 'C:\Keil_v5\ARM\ARMCC\Bin'
Build target 'rtthread-stm32'
compiling board.c...
compiling main.c...
compiling stm32f1xx_hal_gpio_ex.c...
compiling stm32f1xx_hal_smartcard.c...
compiling drv_usart.c...
compiling stm32f1xx_hal_crc.c...
compiling stm32f1xx_hal_gpio.c...
compiling stm32f1xx_hal_irda.c...
compiling stm32f1xx_hal_i2c.c...
compiling stm32f1xx_hal_adc_ex.c...
compiling stm32f1xx_hal_dma.c...
compiling stm32f1xx_hal_rtc_ex.c...
compiling stm32f1xx_it.c...
compiling stm32f1xx_hal_iwdg.c...
compiling stm32f1xx_ll_adc.c...
compiling stm32f1xx_hal_rcc_ex.c...
compiling stm32f1xx_hal_rtc.c...
compiling stm32f1xx_hal_cortex.c...
compiling system_stm32f1xx.c...
compiling stm32f1xx_ll_crc.c...
compiling stm32f1xx_hal_flash_ex.c...
compiling stm32f1xx_hal_pwr.c...
compiling stm32f1xx_hal_adc.c...
compiling stm32f1xx_hal_flash.c...
compiling stm32f1xx_ll_dac.c...
compiling stm32f1xx_ll_dma.c...
compiling stm32f1xx_hal_rcc.c...
compiling stm32f1xx_ll_exti.c...
compiling drv_gpio.c...
compiling stm32f1xx_ll_gpio.c...
compiling stm32f1xx_ll_i2c.c...
compiling stm32f1xx_hal_spi.c...
compiling stm32f1xx_ll_pwr.c...
compiling stm32f1xx_hal_spi_ex.c...
compiling stm32f1xx_ll_rcc.c...
compiling stm32f1xx_ll_rtc.c...
compiling stm32f1xx_ll_spi.c...
compiling stm32f1xx_ll_tim.c...
compiling stm32f1xx_ll_usart.c...
compiling stm32f1xx_hal_tim_ex.c...
compiling stm32f1xx_hal_tim.c...
compiling stm32f1xx_hal_uart.c...
compiling stm32f1xx_hal_wwdg.c...
compiling stm32f1xx_hal.c...
compiling stm32f1xx_hal_usart.c...
compiling components.c...
compiling stm32f1xx_ll_fsmc.c...
assembling startup_stm32f103xe.s...
compiling clock.c...
compiling device.c...
compiling idle.c...
compiling irq.c...
compiling stm32f1xx_ll_sdmmc.c...
compiling kservice.c...
compiling ipc.c...
compiling mempool.c...
compiling object.c...
compiling mem.c...
compiling memheap.c...
compiling scheduler.c...
compiling stm32f1xx_ll_usb.c...
assembling context_rvds.S...
compiling signal.c...
compiling stm32f1xx_hal_can.c...
compiling stm32f1xx_hal_dac_ex.c...
compiling timer.c...
compiling cpuport.c...
compiling stm32f1xx_hal_dac.c...
compiling thread.c...
compiling stm32f1xx_hal_i2s.c...
compiling stm32f1xx_ll_utils.c...
compiling stm32f1xx_hal_mmc.c...
compiling stm32f1xx_hal_sd.c...
compiling stm32f1xx_hal_nand.c...
compiling stm32f1xx_hal_nor.c...
compiling stm32f1xx_hal_pccard.c...
compiling stm32f1xx_hal_sram.c...
compiling stm32f1xx_hal_pcd.c...
compiling stm32f1xx_hal_pcd_ex.c...
compiling pin.c...
compiling serial.c...
compiling symbol.c...
compiling shell.c...
compiling msh_cmd.c...
compiling msh.c...
compiling msh_file.c...
compiling cmd.c...
compiling dynmem_sample.c...
compiling event_sample.c...
compiling idlehook_sample.c...
compiling interrupt_sample.c...
compiling mailbox_sample.c...
compiling memp_sample.c...
compiling mutex_sample.c...
compiling msgq_sample.c...
compiling priority_inversion.c...
compiling producer_consumer.c...
compiling scheduler_hook.c...
compiling semaphore_sample.c...
compiling signal_sample.c...
compiling thread_sample.c...
compiling timer_sample.c...
compiling timeslice_sample.c...
linking...
Program Size: Code=54872 RO-data=8656 RW-data=764 ZI-data=21812  
After Build - User command #1: fromelf --bin .\build\rtthread-stm32.axf --output rtthread.bin
".\build\rtthread-stm32.axf" - 0 Error(s), 0 Warning(s).

<h2>Software Packages used:</h2>

Package Vendor: Keil
                http://www.keil.com/pack/Keil.STM32F1xx_DFP.2.2.0.pack
                Keil.STM32F1xx_DFP.2.2.0
                STMicroelectronics STM32F1 Series Device Support, Drivers and Examples

<h2>Collection of Component include folders:</h2>
  .\RTE\_rtthread-stm32
  C:\Keil_v5\ARM\PACK\Keil\STM32F1xx_DFP\2.2.0\Device\Include

<h2>Collection of Component Files used:</h2>
Build Time Elapsed:  00:00:09
</pre>
</body>
</html>
